
*** Running vivado
    with args -log logic_func_plain.vdi -applog -m64 -product Vivado -messageDb vivado.pb -mode batch -source logic_func_plain.tcl -notrace

INFO: [Common 17-3922] A valid Vivado Design Suite BASIC license has been detected. Your current license is active and will expire on 29-aug-2027.
#-----------------------------------------------------------
# Vivado v2026.1 (64-bit)
# SW Build 6511674 on Tue Jun 16 11:01:26 MDT 2026
# IP Build 6504888 on Tue Jun 09 09:05:25 MDT 2026
# SharedData Build 6501428 on Mon Jun 08 17:34:18 MDT 2026
# Start of session at: Thu Sep 10 23:03:27 2026
# Process ID         : 51218
# Current directory  : /home/danyil/rd_fpga_course/lesson_7/project_sta_pipe/project_sta_pipe.runs/impl_1
# Command line       : vivado -log logic_func_plain.vdi -applog -product Vivado -messageDb vivado.pb -mode batch -source logic_func_plain.tcl -notrace
# Log file           : /home/danyil/rd_fpga_course/lesson_7/project_sta_pipe/project_sta_pipe.runs/impl_1/logic_func_plain.vdi
# Journal file       : /home/danyil/rd_fpga_course/lesson_7/project_sta_pipe/project_sta_pipe.runs/impl_1/vivado.jou
# Running On         : danyil-aspirea51541g
# Platform           : Ubuntu
# Operating System   : Ubuntu 26.04.1 LTS
# Processor Detail   : AMD FX-9800P RADEON R7, 12 COMPUTE CORES 4C+8G
# CPU Frequency      : 2894.583 MHz
# CPU Physical cores : 4
# CPU Logical cores  : 4
# Host memory        : 7219 MB
# Swap memory        : 29916 MB
# Total Virtual      : 37135 MB
# Available Virtual  : 27203 MB
#-----------------------------------------------------------

****** Vivado v2026.1 (64-bit)
  **** SW Build 6511674 on Tue Jun 16 11:01:26 MDT 2026
  **** IP Build 6504888 on Tue Jun 09 09:05:25 MDT 2026
  **** SharedData Build 6501428 on Mon Jun 08 17:34:18 MDT 2026
  **** Start of session at: Thu Sep 10 23:03:28 2026
    ** Copyright 1986-2022 Xilinx, Inc. All Rights Reserved.
    ** Copyright 2022-2026 Advanced Micro Devices, Inc. All Rights Reserved.

source logic_func_plain.tcl -notrace
create_project: Time (s): cpu = 00:00:26 ; elapsed = 00:00:08 . Memory (MB): peak = 1719.504 ; gain = 282.059 ; free physical = 931 ; free virtual = 25438
Command: link_design -top logic_func_plain -part xc7a12ticsg325-1L
Design is defaulting to srcset: sources_1
Design is defaulting to constrset: constrs_1
INFO: [Device 21-403] Loading part xc7a12ticsg325-1L
Netlist sorting complete. Time (s): cpu = 00:00:00 ; elapsed = 00:00:00 . Memory (MB): peak = 1858.457 ; gain = 0.000 ; free physical = 756 ; free virtual = 25285
INFO: [Netlist 29-17] Analyzing 4 Unisim elements for replacement
INFO: [Netlist 29-28] Unisim Transformation completed in 0 CPU seconds
INFO: [Project 1-479] Netlist was created with Vivado 2026.1
INFO: [Project 1-570] Preparing netlist for logic optimization
Parsing XDC File [/home/danyil/rd_fpga_course/lesson_7/constr/sta_investigation_constr.xdc]
Finished Parsing XDC File [/home/danyil/rd_fpga_course/lesson_7/constr/sta_investigation_constr.xdc]
INFO: [Opt 31-138] Pushed 0 inverter(s) to 0 load pin(s).
Netlist sorting complete. Time (s): cpu = 00:00:00 ; elapsed = 00:00:00.01 . Memory (MB): peak = 1961.051 ; gain = 0.000 ; free physical = 462 ; free virtual = 25038
INFO: [Project 1-111] Unisim Transformation Summary:
No Unisim elements were transformed.

7 Infos, 0 Warnings, 0 Critical Warnings and 0 Errors encountered.
link_design completed successfully
link_design: Time (s): cpu = 00:00:07 ; elapsed = 00:00:11 . Memory (MB): peak = 1961.086 ; gain = 241.582 ; free physical = 465 ; free virtual = 25044
Command: opt_design
Attempting to get a license for feature 'Vivado_Implementation' and/or device 'xc7a12ti'
INFO: [Common 17-349] Got license for feature 'Vivado_Implementation' and/or device 'xc7a12ti'
Running DRC as a precondition to command opt_design

Starting DRC Task
INFO: [DRC 23-27] Running DRC with 8 threads
INFO: [Project 1-461] DRC finished with 0 Errors
INFO: [Project 1-462] Please refer to the DRC report (report_drc) for more information.

Time (s): cpu = 00:00:01 ; elapsed = 00:00:02 . Memory (MB): peak = 2039.074 ; gain = 77.988 ; free physical = 250 ; free virtual = 24820

Starting Cache Timing Information Task
INFO: [Timing 38-35] Done setting XDC timing constraints.
Ending Cache Timing Information Task | Checksum: 1639efebd

Time (s): cpu = 00:00:13 ; elapsed = 00:00:14 . Memory (MB): peak = 2428.410 ; gain = 389.336 ; free physical = 184 ; free virtual = 24618

Starting Logic Optimization Task

Phase 1 Initialization

Phase 1.1 Core Generation And Design Setup
Phase 1.1 Core Generation And Design Setup | Checksum: 1639efebd

Time (s): cpu = 00:00:00 ; elapsed = 00:00:00.01 . Memory (MB): peak = 2847.238 ; gain = 0.000 ; free physical = 152 ; free virtual = 24302

Phase 1.2 Setup Constraints And Sort Netlist
Phase 1.2 Setup Constraints And Sort Netlist | Checksum: 1639efebd

Time (s): cpu = 00:00:00.01 ; elapsed = 00:00:00.01 . Memory (MB): peak = 2847.238 ; gain = 0.000 ; free physical = 150 ; free virtual = 24300
Phase 1 Initialization | Checksum: 1639efebd

Time (s): cpu = 00:00:00.01 ; elapsed = 00:00:00.02 . Memory (MB): peak = 2847.238 ; gain = 0.000 ; free physical = 150 ; free virtual = 24300

Phase 2 Timer Update And Timing Data Collection

Phase 2.1 Detect if minReqCache needed
Phase 2.1 Detect if minReqCache needed | Checksum: 1639efebd

Time (s): cpu = 00:00:00.02 ; elapsed = 00:00:00.03 . Memory (MB): peak = 2847.238 ; gain = 0.000 ; free physical = 148 ; free virtual = 24298

Phase 2.2 Timer Update
Phase 2.2 Timer Update | Checksum: 1639efebd

Time (s): cpu = 00:00:00.04 ; elapsed = 00:00:00.06 . Memory (MB): peak = 2847.238 ; gain = 0.000 ; free physical = 155 ; free virtual = 24301

Phase 2.3 Timing Data Collection
Phase 2.3 Timing Data Collection | Checksum: 1639efebd

Time (s): cpu = 00:00:00.04 ; elapsed = 00:00:00.06 . Memory (MB): peak = 2847.238 ; gain = 0.000 ; free physical = 155 ; free virtual = 24301
Phase 2 Timer Update And Timing Data Collection | Checksum: 1639efebd

Time (s): cpu = 00:00:00.04 ; elapsed = 00:00:00.06 . Memory (MB): peak = 2847.238 ; gain = 0.000 ; free physical = 155 ; free virtual = 24301

Phase 3 Retarget
INFO: [Opt 31-1851] Number of loadless carry chains removed were: 0
INFO: [Opt 31-1834] Total Chains To Be Transformed Were: 0 AND Number of Transformed insts Created are: 0
INFO: [Opt 31-138] Pushed 0 inverter(s) to 0 load pin(s).
INFO: [Opt 31-49] Retargeted 0 cell(s).
Phase 3 Retarget | Checksum: 1639efebd

Time (s): cpu = 00:00:00.07 ; elapsed = 00:00:00.17 . Memory (MB): peak = 2847.238 ; gain = 0.000 ; free physical = 158 ; free virtual = 24301
Retarget | Checksum: 1639efebd
INFO: [Opt 31-389] Phase Retarget created 0 cells and removed 0 cells

Phase 4 Constant propagation
INFO: [Opt 31-138] Pushed 0 inverter(s) to 0 load pin(s).
Phase 4 Constant propagation | Checksum: 1639efebd

Time (s): cpu = 00:00:00.07 ; elapsed = 00:00:00.17 . Memory (MB): peak = 2847.238 ; gain = 0.000 ; free physical = 159 ; free virtual = 24301
Constant propagation | Checksum: 1639efebd
INFO: [Opt 31-389] Phase Constant propagation created 0 cells and removed 0 cells

Phase 5 Sweep
INFO: [Constraints 18-11670] Building netlist checker database with flags, 0x8
Done building netlist checker database: Time (s): cpu = 00:00:00 ; elapsed = 00:00:00 . Memory (MB): peak = 2847.238 ; gain = 0.000 ; free physical = 160 ; free virtual = 24302
Phase 5 Sweep | Checksum: 1e969c012

Time (s): cpu = 00:00:00.09 ; elapsed = 00:00:00.23 . Memory (MB): peak = 2847.238 ; gain = 0.000 ; free physical = 160 ; free virtual = 24302
Sweep | Checksum: 1e969c012
INFO: [Opt 31-389] Phase Sweep created 0 cells and removed 0 cells

Phase 6 BUFG optimization
Phase 6 BUFG optimization | Checksum: 1e969c012

Time (s): cpu = 00:00:00.1 ; elapsed = 00:00:00.26 . Memory (MB): peak = 2879.254 ; gain = 32.016 ; free physical = 161 ; free virtual = 24300
BUFG optimization | Checksum: 1e969c012
INFO: [Opt 31-662] Phase BUFG optimization created 0 cells of which 0 are BUFGs and removed 0 cells.

Phase 7 Shift Register Optimization
INFO: [Opt 31-1064] SRL Remap converted 0 SRLs to 0 registers and converted 0 registers of register chains to 0 SRLs
Phase 7 Shift Register Optimization | Checksum: 1e969c012

Time (s): cpu = 00:00:00.11 ; elapsed = 00:00:00.27 . Memory (MB): peak = 2879.254 ; gain = 32.016 ; free physical = 162 ; free virtual = 24302
Shift Register Optimization | Checksum: 1e969c012
INFO: [Opt 31-389] Phase Shift Register Optimization created 0 cells and removed 0 cells

Phase 8 Post Processing Netlist
Phase 8 Post Processing Netlist | Checksum: 1e969c012

Time (s): cpu = 00:00:00.11 ; elapsed = 00:00:00.28 . Memory (MB): peak = 2879.254 ; gain = 32.016 ; free physical = 162 ; free virtual = 24302
Post Processing Netlist | Checksum: 1e969c012
INFO: [Opt 31-389] Phase Post Processing Netlist created 0 cells and removed 0 cells

Phase 9 Finalization

Phase 9.1 Finalizing Design Cores and Updating Shapes
Phase 9.1 Finalizing Design Cores and Updating Shapes | Checksum: 12f77e506

Time (s): cpu = 00:00:00.13 ; elapsed = 00:00:00.31 . Memory (MB): peak = 2879.254 ; gain = 32.016 ; free physical = 154 ; free virtual = 24291

Phase 9.2 Verifying Netlist Connectivity

Starting Connectivity Check Task

Time (s): cpu = 00:00:00.01 ; elapsed = 00:00:00.02 . Memory (MB): peak = 2879.254 ; gain = 0.000 ; free physical = 154 ; free virtual = 24291
Phase 9.2 Verifying Netlist Connectivity | Checksum: 12f77e506

Time (s): cpu = 00:00:00.14 ; elapsed = 00:00:00.34 . Memory (MB): peak = 2879.254 ; gain = 32.016 ; free physical = 154 ; free virtual = 24291
Phase 9 Finalization | Checksum: 12f77e506

Time (s): cpu = 00:00:00.14 ; elapsed = 00:00:00.34 . Memory (MB): peak = 2879.254 ; gain = 32.016 ; free physical = 154 ; free virtual = 24291
Opt_design Change Summary
=========================


-------------------------------------------------------------------------------------------------------------------------
|  Phase                        |  #Cells created  |  #Cells Removed  |  #Constrained objects preventing optimizations  |
-------------------------------------------------------------------------------------------------------------------------
|  Retarget                     |               0  |               0  |                                              0  |
|  Constant propagation         |               0  |               0  |                                              0  |
|  Sweep                        |               0  |               0  |                                              0  |
|  BUFG optimization            |               0  |               0  |                                              0  |
|  Shift Register Optimization  |               0  |               0  |                                              0  |
|  Post Processing Netlist      |               0  |               0  |                                              0  |
-------------------------------------------------------------------------------------------------------------------------


Ending Logic Optimization Task | Checksum: 12f77e506

Time (s): cpu = 00:00:00.14 ; elapsed = 00:00:00.36 . Memory (MB): peak = 2879.254 ; gain = 32.016 ; free physical = 157 ; free virtual = 24293

Starting Power Optimization Task
INFO: [Pwropt 34-132] Skipping clock gating for clocks with a period < 2.00 ns.
Ending Power Optimization Task | Checksum: 12f77e506

Time (s): cpu = 00:00:00.01 ; elapsed = 00:00:00.04 . Memory (MB): peak = 2879.254 ; gain = 0.000 ; free physical = 162 ; free virtual = 24279

Starting Final Cleanup Task
Ending Final Cleanup Task | Checksum: 12f77e506

Time (s): cpu = 00:00:00.01 ; elapsed = 00:00:00 . Memory (MB): peak = 2879.254 ; gain = 0.000 ; free physical = 162 ; free virtual = 24278
Netlist sorting complete. Time (s): cpu = 00:00:00 ; elapsed = 00:00:00 . Memory (MB): peak = 2879.254 ; gain = 0.000 ; free physical = 162 ; free virtual = 24277
INFO: [Common 17-83] Releasing license: Vivado_Implementation
27 Infos, 0 Warnings, 0 Critical Warnings and 0 Errors encountered.
opt_design completed successfully
opt_design: Time (s): cpu = 00:00:24 ; elapsed = 00:00:27 . Memory (MB): peak = 2879.254 ; gain = 918.168 ; free physical = 163 ; free virtual = 24278
INFO: [Vivado 12-24828] Executing command : report_drc -file logic_func_plain_drc_opted.rpt -pb logic_func_plain_drc_opted.pb -rpx logic_func_plain_drc_opted.rpx
Command: report_drc -file logic_func_plain_drc_opted.rpt -pb logic_func_plain_drc_opted.pb -rpx logic_func_plain_drc_opted.rpx
INFO: [IP_Flow 19-234] Refreshing IP repositories
INFO: [IP_Flow 19-1704] No user IP repositories specified
INFO: [IP_Flow 19-2313] Loaded Vivado IP repository '/home/amd/2026.1/data/ip'.
INFO: [DRC 23-27] Running DRC with 8 threads
INFO: [Vivado_Tcl 2-168] The results of DRC are in file /home/danyil/rd_fpga_course/lesson_7/project_sta_pipe/project_sta_pipe.runs/impl_1/logic_func_plain_drc_opted.rpt.
report_drc completed successfully
generate_parallel_reports: Time (s): cpu = 00:00:03 ; elapsed = 00:00:05 . Memory (MB): peak = 2879.254 ; gain = 0.000 ; free physical = 175 ; free virtual = 24262
INFO: [Timing 38-480] Writing timing data to binary archive.
Write ShapeDB Complete: Time (s): cpu = 00:00:00.02 ; elapsed = 00:00:00.01 . Memory (MB): peak = 2879.254 ; gain = 0.000 ; free physical = 174 ; free virtual = 24263
INFO: [Common 17-1381] The checkpoint '/home/danyil/rd_fpga_course/lesson_7/project_sta_pipe/project_sta_pipe.runs/impl_1/logic_func_plain_opt.dcp' has been generated.
Command: place_design
Attempting to get a license for feature 'Vivado_Implementation' and/or device 'xc7a12ti'
INFO: [Common 17-349] Got license for feature 'Vivado_Implementation' and/or device 'xc7a12ti'
INFO: [Common 17-83] Releasing license: Vivado_Implementation
INFO: [Timing 38-35] Done setting XDC timing constraints.
Running DRC as a precondition to command place_design
INFO: [DRC 23-27] Running DRC with 8 threads
INFO: [Vivado_Tcl 4-198] DRC finished with 0 Errors
INFO: [Vivado_Tcl 4-199] Please refer to the DRC report (report_drc) for more information.
INFO: [Place 30-611] Multithreading enabled for place_design using a maximum of 4 CPUs

Starting Placer Task

Phase 1 Placer Initialization

Phase 1.1 Placer Initialization Netlist Sorting
Netlist sorting complete. Time (s): cpu = 00:00:00 ; elapsed = 00:00:00 . Memory (MB): peak = 2879.254 ; gain = 0.000 ; free physical = 180 ; free virtual = 24254
Phase 1.1 Placer Initialization Netlist Sorting | Checksum: e2d9730e

Time (s): cpu = 00:00:00 ; elapsed = 00:00:00.01 . Memory (MB): peak = 2879.254 ; gain = 0.000 ; free physical = 180 ; free virtual = 24254
Netlist sorting complete. Time (s): cpu = 00:00:00 ; elapsed = 00:00:00 . Memory (MB): peak = 2879.254 ; gain = 0.000 ; free physical = 180 ; free virtual = 24254

Phase 1.2 IO Placement/ Clock Placement/ Build Placer Device
Phase 1.2 IO Placement/ Clock Placement/ Build Placer Device | Checksum: 1a8c13078

Time (s): cpu = 00:00:00.87 ; elapsed = 00:00:00.99 . Memory (MB): peak = 2879.254 ; gain = 0.000 ; free physical = 157 ; free virtual = 24239

Phase 1.3 Build Placer Netlist Model
Phase 1.3 Build Placer Netlist Model | Checksum: 26c96c1c6

Time (s): cpu = 00:00:01 ; elapsed = 00:00:01 . Memory (MB): peak = 2903.266 ; gain = 24.012 ; free physical = 148 ; free virtual = 24235

Phase 1.4 Constrain Clocks/Macros
Phase 1.4 Constrain Clocks/Macros | Checksum: 26c96c1c6

Time (s): cpu = 00:00:01 ; elapsed = 00:00:01 . Memory (MB): peak = 2903.266 ; gain = 24.012 ; free physical = 148 ; free virtual = 24235
Phase 1 Placer Initialization | Checksum: 26c96c1c6

Time (s): cpu = 00:00:01 ; elapsed = 00:00:01 . Memory (MB): peak = 2903.266 ; gain = 24.012 ; free physical = 148 ; free virtual = 24235

Phase 2 Global Placement

Phase 2.1 Floorplanning
Phase 2.1 Floorplanning | Checksum: 2973b08f4

Time (s): cpu = 00:00:01 ; elapsed = 00:00:01 . Memory (MB): peak = 2903.266 ; gain = 24.012 ; free physical = 147 ; free virtual = 24235

Phase 2.2 Update Timing before SLR Path Opt
Phase 2.2 Update Timing before SLR Path Opt | Checksum: 244ad0dcb

Time (s): cpu = 00:00:01 ; elapsed = 00:00:01 . Memory (MB): peak = 2903.266 ; gain = 24.012 ; free physical = 147 ; free virtual = 24234

Phase 2.3 Post-Processing in Floorplanning
Phase 2.3 Post-Processing in Floorplanning | Checksum: 244ad0dcb

Time (s): cpu = 00:00:01 ; elapsed = 00:00:02 . Memory (MB): peak = 2903.266 ; gain = 24.012 ; free physical = 146 ; free virtual = 24234

Phase 2.4 Global Place Phase1
Phase 2.4 Global Place Phase1 | Checksum: 27f369656

Time (s): cpu = 00:00:02 ; elapsed = 00:00:02 . Memory (MB): peak = 2903.266 ; gain = 24.012 ; free physical = 165 ; free virtual = 24252

Phase 2.5 Global Place Phase2

Phase 2.5.1 UpdateTiming Before Physical Synthesis
Phase 2.5.1 UpdateTiming Before Physical Synthesis | Checksum: 2313d4b69

Time (s): cpu = 00:00:02 ; elapsed = 00:00:02 . Memory (MB): peak = 2903.266 ; gain = 24.012 ; free physical = 165 ; free virtual = 24251

Phase 2.5.2 Physical Synthesis In Placer
INFO: [Physopt 32-1044] Break lutnm for timing: one critical 0, two critical 0, total 0, new lutff created 0
INFO: [Physopt 32-1138] End 1 Pass. Optimized 0 net or LUT. Breaked 0 LUT, combined 0 existing LUT and moved 0 existing LUT
INFO: [Physopt 32-65] No nets found for high-fanout optimization.
INFO: [Physopt 32-232] Optimized 0 net. Created 0 new instance.
INFO: [Physopt 32-775] End 1 Pass. Optimized 0 net or cell. Created 0 new cell, deleted 0 existing cell and moved 0 existing cell
INFO: [Physopt 32-456] No candidate cells for DSP register optimization found in the design.
INFO: [Physopt 32-775] End 2 Pass. Optimized 0 net or cell. Created 0 new cell, deleted 0 existing cell and moved 0 existing cell
INFO: [Physopt 32-1123] No candidate cells found for Shift Register to Pipeline optimization
INFO: [Physopt 32-775] End 2 Pass. Optimized 0 net or cell. Created 0 new cell, deleted 0 existing cell and moved 0 existing cell
INFO: [Physopt 32-1401] No candidate cells found for Shift Register optimization.
INFO: [Physopt 32-677] No candidate cells for Shift Register optimization found in the design
INFO: [Physopt 32-775] End 1 Pass. Optimized 0 net or cell. Created 0 new cell, deleted 0 existing cell and moved 0 existing cell
INFO: [Physopt 32-526] No candidate cells for BRAM register optimization found in the design
INFO: [Physopt 32-775] End 1 Pass. Optimized 0 net or cell. Created 0 new cell, deleted 0 existing cell and moved 0 existing cell
INFO: [Physopt 32-846] No candidate cells for URAM register optimization found in the design
INFO: [Physopt 32-775] End 1 Pass. Optimized 0 net or cell. Created 0 new cell, deleted 0 existing cell and moved 0 existing cell
INFO: [Physopt 32-846] No candidate cells for URAM register optimization found in the design
INFO: [Physopt 32-775] End 1 Pass. Optimized 0 net or cell. Created 0 new cell, deleted 0 existing cell and moved 0 existing cell
INFO: [Physopt 32-949] No candidate nets found for dynamic/static region interface net replication
INFO: [Physopt 32-775] End 1 Pass. Optimized 0 net or cell. Created 0 new cell, deleted 0 existing cell and moved 0 existing cell
Netlist sorting complete. Time (s): cpu = 00:00:00 ; elapsed = 00:00:00 . Memory (MB): peak = 2903.266 ; gain = 0.000 ; free physical = 175 ; free virtual = 24250

Summary of Physical Synthesis Optimizations
============================================


-----------------------------------------------------------------------------------------------------------------------------------------------------------
|  Optimization                                     |  Added Cells  |  Removed Cells  |  Optimized Cells/Nets  |  Dont Touch  |  Iterations  |  Elapsed   |
-----------------------------------------------------------------------------------------------------------------------------------------------------------
|  LUT Combining                                    |            0  |              0  |                     0  |           0  |           1  |  00:00:00  |
|  Retime                                           |            0  |              0  |                     0  |           0  |           1  |  00:00:00  |
|  Very High Fanout                                 |            0  |              0  |                     0  |           0  |           1  |  00:00:00  |
|  DSP Register                                     |            0  |              0  |                     0  |           0  |           1  |  00:00:00  |
|  Shift Register to Pipeline                       |            0  |              0  |                     0  |           0  |           1  |  00:00:00  |
|  Shift Register                                   |            0  |              0  |                     0  |           0  |           1  |  00:00:00  |
|  BRAM Register                                    |            0  |              0  |                     0  |           0  |           1  |  00:00:00  |
|  URAM Register                                    |            0  |              0  |                     0  |           0  |           1  |  00:00:00  |
|  Dynamic/Static Region Interface Net Replication  |            0  |              0  |                     0  |           0  |           1  |  00:00:00  |
|  Total                                            |            0  |              0  |                     0  |           0  |           9  |  00:00:00  |
-----------------------------------------------------------------------------------------------------------------------------------------------------------


Phase 2.5.2 Physical Synthesis In Placer | Checksum: 2313d4b69

Time (s): cpu = 00:00:02 ; elapsed = 00:00:05 . Memory (MB): peak = 2903.266 ; gain = 24.012 ; free physical = 175 ; free virtual = 24250
Phase 2.5 Global Place Phase2 | Checksum: 2232a802a

Time (s): cpu = 00:00:03 ; elapsed = 00:00:05 . Memory (MB): peak = 2903.266 ; gain = 24.012 ; free physical = 174 ; free virtual = 24250
Phase 2 Global Placement | Checksum: 2232a802a

Time (s): cpu = 00:00:03 ; elapsed = 00:00:05 . Memory (MB): peak = 2903.266 ; gain = 24.012 ; free physical = 174 ; free virtual = 24250

Phase 3 Detail Placement

Phase 3.1 Commit Multi Column Macros
Phase 3.1 Commit Multi Column Macros | Checksum: 290ccc774

Time (s): cpu = 00:00:03 ; elapsed = 00:00:05 . Memory (MB): peak = 2903.266 ; gain = 24.012 ; free physical = 174 ; free virtual = 24250

Phase 3.2 Commit Most Macros & LUTRAMs
Phase 3.2 Commit Most Macros & LUTRAMs | Checksum: 218008df9

Time (s): cpu = 00:00:03 ; elapsed = 00:00:05 . Memory (MB): peak = 2903.266 ; gain = 24.012 ; free physical = 173 ; free virtual = 24249

Phase 3.3 Area Swap Optimization
Phase 3.3 Area Swap Optimization | Checksum: 1d5fb895c

Time (s): cpu = 00:00:03 ; elapsed = 00:00:05 . Memory (MB): peak = 2903.266 ; gain = 24.012 ; free physical = 173 ; free virtual = 24249

Phase 3.4 Pipeline Register Optimization
Phase 3.4 Pipeline Register Optimization | Checksum: 24efaf6ef

Time (s): cpu = 00:00:03 ; elapsed = 00:00:05 . Memory (MB): peak = 2903.266 ; gain = 24.012 ; free physical = 173 ; free virtual = 24249

Phase 3.5 Fast Optimization
Phase 3.5 Fast Optimization | Checksum: 2560d6df7

Time (s): cpu = 00:00:03 ; elapsed = 00:00:06 . Memory (MB): peak = 2903.266 ; gain = 24.012 ; free physical = 171 ; free virtual = 24247

Phase 3.6 Small Shape Detail Placement
Phase 3.6 Small Shape Detail Placement | Checksum: 221eb92a8

Time (s): cpu = 00:00:03 ; elapsed = 00:00:06 . Memory (MB): peak = 2904.270 ; gain = 25.016 ; free physical = 167 ; free virtual = 24245

Phase 3.7 Re-assign LUT pins
Phase 3.7 Re-assign LUT pins | Checksum: 221eb92a8

Time (s): cpu = 00:00:03 ; elapsed = 00:00:06 . Memory (MB): peak = 2904.270 ; gain = 25.016 ; free physical = 167 ; free virtual = 24245

Phase 3.8 Pipeline Register Optimization
Phase 3.8 Pipeline Register Optimization | Checksum: 244ea20b5

Time (s): cpu = 00:00:03 ; elapsed = 00:00:06 . Memory (MB): peak = 2904.270 ; gain = 25.016 ; free physical = 167 ; free virtual = 24245

Phase 3.9 Fast Optimization
Phase 3.9 Fast Optimization | Checksum: 25d6ceff9

Time (s): cpu = 00:00:04 ; elapsed = 00:00:06 . Memory (MB): peak = 2904.270 ; gain = 25.016 ; free physical = 166 ; free virtual = 24244
Phase 3 Detail Placement | Checksum: 25d6ceff9

Time (s): cpu = 00:00:04 ; elapsed = 00:00:06 . Memory (MB): peak = 2904.270 ; gain = 25.016 ; free physical = 166 ; free virtual = 24244

Phase 4 Post Placement Optimization and Clean-Up

Phase 4.1 Post Commit Optimization
INFO: [Timing 38-35] Done setting XDC timing constraints.

Phase 4.1.1 Post Placement Optimization
Post Placement Optimization Initialization | Checksum: 2acf7ab9a

Phase 4.1.1.1 BUFG Insertion

Starting Physical Synthesis Task

Phase 1 Physical Synthesis Initialization
INFO: [Physopt 32-721] Multithreading enabled for phys_opt_design using a maximum of 4 CPUs
INFO: [Physopt 32-619] Estimated Timing Summary | WNS=-2.529 | TNS=-38.615 |
Phase 1 Physical Synthesis Initialization | Checksum: 1a15bcc12

Time (s): cpu = 00:00:00.02 ; elapsed = 00:00:00.02 . Memory (MB): peak = 2904.270 ; gain = 0.000 ; free physical = 165 ; free virtual = 24243
INFO: [Place 46-56] BUFG insertion identified 0 candidate nets. Inserted BUFG: 0, Replicated BUFG Driver: 0, Skipped due to Placement/Routing Conflicts: 0, Skipped due to Timing Degradation: 0, Skipped due to netlist editing failed: 0.
Ending Physical Synthesis Task | Checksum: 2003f1565

Time (s): cpu = 00:00:00.02 ; elapsed = 00:00:00.03 . Memory (MB): peak = 2904.270 ; gain = 0.000 ; free physical = 165 ; free virtual = 24243
Phase 4.1.1.1 BUFG Insertion | Checksum: 2acf7ab9a

Time (s): cpu = 00:00:04 ; elapsed = 00:00:07 . Memory (MB): peak = 2904.270 ; gain = 25.016 ; free physical = 165 ; free virtual = 24243

Phase 4.1.1.2 Post Placement Timing Optimization
INFO: [Place 30-746] Post Placement Timing Summary WNS=-2.159. For the most accurate timing information please run report_timing.
Phase 4.1.1.2 Post Placement Timing Optimization | Checksum: 1af7e1539

Time (s): cpu = 00:00:28 ; elapsed = 00:00:32 . Memory (MB): peak = 2904.270 ; gain = 25.016 ; free physical = 136 ; free virtual = 24217

Time (s): cpu = 00:00:28 ; elapsed = 00:00:32 . Memory (MB): peak = 2904.270 ; gain = 25.016 ; free physical = 136 ; free virtual = 24217
Phase 4.1 Post Commit Optimization | Checksum: 1af7e1539

Time (s): cpu = 00:00:28 ; elapsed = 00:00:32 . Memory (MB): peak = 2904.270 ; gain = 25.016 ; free physical = 136 ; free virtual = 24217

Phase 4.2 Post Placement Cleanup
Phase 4.2 Post Placement Cleanup | Checksum: 1af7e1539

Time (s): cpu = 00:00:28 ; elapsed = 00:00:32 . Memory (MB): peak = 2904.270 ; gain = 25.016 ; free physical = 136 ; free virtual = 24217

Phase 4.3 Placer Reporting

Phase 4.3.1 Print Estimated Congestion
INFO: [Place 30-612] Post-Placement Estimated Congestion 
 ____________________________________________________
|           | Global Congestion | Short Congestion  |
| Direction | Region Size       | Region Size       |
|___________|___________________|___________________|
|      North|                1x1|                1x1|
|___________|___________________|___________________|
|      South|                1x1|                1x1|
|___________|___________________|___________________|
|       East|                1x1|                1x1|
|___________|___________________|___________________|
|       West|                1x1|                1x1|
|___________|___________________|___________________|

Phase 4.3.1 Print Estimated Congestion | Checksum: 1af7e1539

Time (s): cpu = 00:00:28 ; elapsed = 00:00:32 . Memory (MB): peak = 2904.270 ; gain = 25.016 ; free physical = 136 ; free virtual = 24217
Phase 4.3 Placer Reporting | Checksum: 1af7e1539

Time (s): cpu = 00:00:28 ; elapsed = 00:00:32 . Memory (MB): peak = 2904.270 ; gain = 25.016 ; free physical = 136 ; free virtual = 24217

Phase 4.4 Final Placement Cleanup
Netlist sorting complete. Time (s): cpu = 00:00:00 ; elapsed = 00:00:00 . Memory (MB): peak = 2904.270 ; gain = 0.000 ; free physical = 136 ; free virtual = 24217

Time (s): cpu = 00:00:28 ; elapsed = 00:00:32 . Memory (MB): peak = 2904.270 ; gain = 25.016 ; free physical = 136 ; free virtual = 24217
Phase 4 Post Placement Optimization and Clean-Up | Checksum: 1bb854d6c

Time (s): cpu = 00:00:28 ; elapsed = 00:00:32 . Memory (MB): peak = 2904.270 ; gain = 25.016 ; free physical = 136 ; free virtual = 24217
Ending Placer Task | Checksum: 1a5ee5e64

Time (s): cpu = 00:00:28 ; elapsed = 00:00:32 . Memory (MB): peak = 2904.270 ; gain = 25.016 ; free physical = 136 ; free virtual = 24217
68 Infos, 0 Warnings, 0 Critical Warnings and 0 Errors encountered.
place_design completed successfully
place_design: Time (s): cpu = 00:00:29 ; elapsed = 00:00:33 . Memory (MB): peak = 2904.270 ; gain = 25.016 ; free physical = 135 ; free virtual = 24217
INFO: [Vivado 12-24838] Running report commands "report_control_sets, report_io, report_utilization" in parallel.
Running report generation with 2 threads.
INFO: [Vivado 12-24828] Executing command : report_io -file logic_func_plain_io_placed.rpt
report_io: Time (s): cpu = 00:00:00.45 ; elapsed = 00:00:00.44 . Memory (MB): peak = 2904.270 ; gain = 0.000 ; free physical = 138 ; free virtual = 24221
INFO: [Vivado 12-24828] Executing command : report_control_sets -verbose -file logic_func_plain_control_sets_placed.rpt
report_control_sets: Time (s): cpu = 00:00:00.03 ; elapsed = 00:00:00.18 . Memory (MB): peak = 2904.270 ; gain = 0.000 ; free physical = 168 ; free virtual = 24245
INFO: [Vivado 12-24828] Executing command : report_utilization -file logic_func_plain_utilization_placed.rpt -pb logic_func_plain_utilization_placed.pb
INFO: [Timing 38-480] Writing timing data to binary archive.
Write ShapeDB Complete: Time (s): cpu = 00:00:00 ; elapsed = 00:00:00.01 . Memory (MB): peak = 2904.270 ; gain = 0.000 ; free physical = 181 ; free virtual = 24246
Wrote PlaceDB: Time (s): cpu = 00:00:00.02 ; elapsed = 00:00:00.01 . Memory (MB): peak = 2904.270 ; gain = 0.000 ; free physical = 181 ; free virtual = 24246
Wrote PulsedLatchDB: Time (s): cpu = 00:00:00 ; elapsed = 00:00:00 . Memory (MB): peak = 2904.270 ; gain = 0.000 ; free physical = 181 ; free virtual = 24247
Writing XDEF routing.
Writing XDEF routing logical nets.
Writing XDEF routing special nets.
Wrote RouteStorage: Time (s): cpu = 00:00:00.18 ; elapsed = 00:00:00.7 . Memory (MB): peak = 2904.270 ; gain = 0.000 ; free physical = 187 ; free virtual = 24247
Wrote PlaceStorage: Time (s): cpu = 00:00:00.03 ; elapsed = 00:00:00.03 . Memory (MB): peak = 2904.270 ; gain = 0.000 ; free physical = 187 ; free virtual = 24247
Wrote Netlist Cache: Time (s): cpu = 00:00:00 ; elapsed = 00:00:00 . Memory (MB): peak = 2904.270 ; gain = 0.000 ; free physical = 187 ; free virtual = 24247
Wrote Device Cache: Time (s): cpu = 00:00:00.01 ; elapsed = 00:00:00.01 . Memory (MB): peak = 2904.270 ; gain = 0.000 ; free physical = 186 ; free virtual = 24247
Write Physdb Complete: Time (s): cpu = 00:00:00.26 ; elapsed = 00:00:00.77 . Memory (MB): peak = 2904.270 ; gain = 0.000 ; free physical = 186 ; free virtual = 24247
INFO: [Common 17-1381] The checkpoint '/home/danyil/rd_fpga_course/lesson_7/project_sta_pipe/project_sta_pipe.runs/impl_1/logic_func_plain_placed.dcp' has been generated.
Command: phys_opt_design
Attempting to get a license for feature 'Vivado_Implementation' and/or device 'xc7a12ti'
INFO: [Common 17-349] Got license for feature 'Vivado_Implementation' and/or device 'xc7a12ti'

Starting Initial Update Timing Task

Time (s): cpu = 00:00:00.06 ; elapsed = 00:00:00.04 . Memory (MB): peak = 2904.270 ; gain = 0.000 ; free physical = 184 ; free virtual = 24244
INFO: [Vivado_Tcl 4-1435] PhysOpt_Tcl_Interface Runtime Before Starting Physical Synthesis Task | CPU: 0.10s |  WALL: 0.08s
Netlist sorting complete. Time (s): cpu = 00:00:00 ; elapsed = 00:00:00 . Memory (MB): peak = 2904.270 ; gain = 0.000 ; free physical = 184 ; free virtual = 24244

Starting Physical Synthesis Task

Phase 1 Physical Synthesis Initialization
INFO: [Physopt 32-721] Multithreading enabled for phys_opt_design using a maximum of 4 CPUs
INFO: [Physopt 32-619] Estimated Timing Summary | WNS=-2.159 | TNS=-34.240 |
Phase 1 Physical Synthesis Initialization | Checksum: 1e6b5f60a

Time (s): cpu = 00:00:00.14 ; elapsed = 00:00:00.14 . Memory (MB): peak = 2904.270 ; gain = 0.000 ; free physical = 183 ; free virtual = 24244
INFO: [Physopt 32-619] Estimated Timing Summary | WNS=-2.159 | TNS=-34.240 |

Phase 2 DSP Register Optimization
INFO: [Physopt 32-456] No candidate cells for DSP register optimization found in the design.
INFO: [Physopt 32-775] End 2 Pass. Optimized 0 net or cell. Created 0 new cell, deleted 0 existing cell and moved 0 existing cell
Phase 2 DSP Register Optimization | Checksum: 1e6b5f60a

Time (s): cpu = 00:00:00.17 ; elapsed = 00:00:00.18 . Memory (MB): peak = 2904.270 ; gain = 0.000 ; free physical = 183 ; free virtual = 24244

Phase 3 Critical Path Optimization
INFO: [Physopt 32-619] Estimated Timing Summary | WNS=-2.159 | TNS=-34.240 |
INFO: [Physopt 32-702] Processed net result_OBUF[0]. Optimizations did not improve timing on the net.
INFO: [Physopt 32-702] Processed net c_reg[0]. Optimizations did not improve timing on the net.
INFO: [Physopt 32-702] Processed net result[0]_i_1_n_0. Optimizations did not improve timing on the net.
INFO: [Physopt 32-702] Processed net B[15]. Optimizations did not improve timing on the net.
INFO: [Physopt 32-702] Processed net result1_i_2_n_0. Optimizations did not improve timing on the net.
INFO: [Physopt 32-702] Processed net result1_i_3_n_0. Optimizations did not improve timing on the net.
INFO: [Physopt 32-608] Optimized 1 net.  Swapped 11 pins.
INFO: [Physopt 32-735] Processed net result1_i_11_n_0. Optimization improves timing on the net.
INFO: [Physopt 32-619] Estimated Timing Summary | WNS=-2.149 | TNS=-34.080 |
INFO: [Physopt 32-702] Processed net d_reg[0]. Optimizations did not improve timing on the net.
INFO: [Physopt 32-702] Processed net result1_i_11_n_0. Optimizations did not improve timing on the net.
INFO: [Physopt 32-702] Processed net result1_n_105. Optimizations did not improve timing on the net.
INFO: [Physopt 32-702] Processed net clk_IBUF. Optimizations did not improve timing on the net.
INFO: [Physopt 32-702] Processed net clk. Optimizations did not improve timing on the net.
INFO: [Physopt 32-702] Processed net result_OBUF[0]. Optimizations did not improve timing on the net.
INFO: [Physopt 32-702] Processed net d_reg[0]. Optimizations did not improve timing on the net.
INFO: [Physopt 32-702] Processed net result[0]_i_1_n_0. Optimizations did not improve timing on the net.
INFO: [Physopt 32-702] Processed net B[15]. Optimizations did not improve timing on the net.
INFO: [Physopt 32-702] Processed net result1_i_11_n_0. Optimizations did not improve timing on the net.
INFO: [Physopt 32-702] Processed net result1_n_105. Optimizations did not improve timing on the net.
INFO: [Physopt 32-702] Processed net clk_IBUF. Optimizations did not improve timing on the net.
INFO: [Physopt 32-702] Processed net clk. Optimizations did not improve timing on the net.
INFO: [Physopt 32-619] Estimated Timing Summary | WNS=-2.149 | TNS=-34.080 |
Netlist sorting complete. Time (s): cpu = 00:00:00 ; elapsed = 00:00:00 . Memory (MB): peak = 2904.270 ; gain = 0.000 ; free physical = 181 ; free virtual = 24243
Phase 3 Critical Path Optimization | Checksum: 1e6b5f60a

Time (s): cpu = 00:00:01 ; elapsed = 00:00:01 . Memory (MB): peak = 2904.270 ; gain = 0.000 ; free physical = 181 ; free virtual = 24243

Phase 4 Critical Path Optimization
INFO: [Physopt 32-619] Estimated Timing Summary | WNS=-2.149 | TNS=-34.080 |
INFO: [Physopt 32-702] Processed net result_OBUF[0]. Optimizations did not improve timing on the net.
INFO: [Physopt 32-702] Processed net d_reg[0]. Optimizations did not improve timing on the net.
INFO: [Physopt 32-702] Processed net result[0]_i_1_n_0. Optimizations did not improve timing on the net.
INFO: [Physopt 32-702] Processed net B[15]. Optimizations did not improve timing on the net.
INFO: [Physopt 32-702] Processed net result1_i_2_n_0. Optimizations did not improve timing on the net.
INFO: [Physopt 32-702] Processed net result1_i_3_n_0. Optimizations did not improve timing on the net.
INFO: [Physopt 32-702] Processed net result1_i_11_n_0. Optimizations did not improve timing on the net.
INFO: [Physopt 32-702] Processed net result1_n_105. Optimizations did not improve timing on the net.
INFO: [Physopt 32-702] Processed net clk_IBUF. Optimizations did not improve timing on the net.
INFO: [Physopt 32-702] Processed net clk. Optimizations did not improve timing on the net.
INFO: [Physopt 32-702] Processed net result_OBUF[0]. Optimizations did not improve timing on the net.
INFO: [Physopt 32-702] Processed net d_reg[0]. Optimizations did not improve timing on the net.
INFO: [Physopt 32-702] Processed net result[0]_i_1_n_0. Optimizations did not improve timing on the net.
INFO: [Physopt 32-702] Processed net B[15]. Optimizations did not improve timing on the net.
INFO: [Physopt 32-702] Processed net result1_i_11_n_0. Optimizations did not improve timing on the net.
INFO: [Physopt 32-702] Processed net result1_n_105. Optimizations did not improve timing on the net.
INFO: [Physopt 32-702] Processed net clk_IBUF. Optimizations did not improve timing on the net.
INFO: [Physopt 32-702] Processed net clk. Optimizations did not improve timing on the net.
INFO: [Physopt 32-619] Estimated Timing Summary | WNS=-2.149 | TNS=-34.080 |
Netlist sorting complete. Time (s): cpu = 00:00:00 ; elapsed = 00:00:00 . Memory (MB): peak = 2904.270 ; gain = 0.000 ; free physical = 181 ; free virtual = 24243
Phase 4 Critical Path Optimization | Checksum: 1e6b5f60a

Time (s): cpu = 00:00:02 ; elapsed = 00:00:02 . Memory (MB): peak = 2904.270 ; gain = 0.000 ; free physical = 181 ; free virtual = 24243
Netlist sorting complete. Time (s): cpu = 00:00:00 ; elapsed = 00:00:00.01 . Memory (MB): peak = 2904.270 ; gain = 0.000 ; free physical = 181 ; free virtual = 24243
INFO: [Physopt 32-603] Post Physical Optimization Timing Summary | WNS=-2.149 | TNS=-34.080 |

Summary of Physical Synthesis Optimizations
============================================


-------------------------------------------------------------------------------------------------------------------------------------------------------------
|  Optimization   |  WNS Gain (ns)  |  TNS Gain (ns)  |  Added Cells  |  Removed Cells  |  Optimized Cells/Nets  |  Dont Touch  |  Iterations  |  Elapsed   |
-------------------------------------------------------------------------------------------------------------------------------------------------------------
|  DSP Register   |          0.000  |          0.000  |            0  |              0  |                     0  |           0  |           1  |  00:00:00  |
|  Critical Path  |          0.010  |          0.160  |            0  |              0  |                     1  |           0  |           2  |  00:00:02  |
|  Total          |          0.010  |          0.160  |            0  |              0  |                     1  |           0  |           3  |  00:00:02  |
-------------------------------------------------------------------------------------------------------------------------------------------------------------


Netlist sorting complete. Time (s): cpu = 00:00:00 ; elapsed = 00:00:00 . Memory (MB): peak = 2904.270 ; gain = 0.000 ; free physical = 181 ; free virtual = 24243
Ending Physical Synthesis Task | Checksum: 1d6508f2e

Time (s): cpu = 00:00:02 ; elapsed = 00:00:02 . Memory (MB): peak = 2904.270 ; gain = 0.000 ; free physical = 181 ; free virtual = 24243
INFO: [Common 17-83] Releasing license: Vivado_Implementation
127 Infos, 0 Warnings, 0 Critical Warnings and 0 Errors encountered.
phys_opt_design completed successfully
INFO: [Timing 38-480] Writing timing data to binary archive.
Wrote PlaceDB: Time (s): cpu = 00:00:00.01 ; elapsed = 00:00:00 . Memory (MB): peak = 2904.270 ; gain = 0.000 ; free physical = 180 ; free virtual = 24242
Write ShapeDB Complete: Time (s): cpu = 00:00:00.01 ; elapsed = 00:00:00.01 . Memory (MB): peak = 2904.270 ; gain = 0.000 ; free physical = 180 ; free virtual = 24242
Wrote PulsedLatchDB: Time (s): cpu = 00:00:00 ; elapsed = 00:00:00 . Memory (MB): peak = 2904.270 ; gain = 0.000 ; free physical = 180 ; free virtual = 24242
Writing XDEF routing.
Writing XDEF routing logical nets.
Writing XDEF routing special nets.
Wrote RouteStorage: Time (s): cpu = 00:00:00.08 ; elapsed = 00:00:00.04 . Memory (MB): peak = 2904.270 ; gain = 0.000 ; free physical = 180 ; free virtual = 24242
Wrote PlaceStorage: Time (s): cpu = 00:00:00.02 ; elapsed = 00:00:00.01 . Memory (MB): peak = 2904.270 ; gain = 0.000 ; free physical = 179 ; free virtual = 24241
Wrote Netlist Cache: Time (s): cpu = 00:00:00 ; elapsed = 00:00:00 . Memory (MB): peak = 2904.270 ; gain = 0.000 ; free physical = 179 ; free virtual = 24242
Wrote Device Cache: Time (s): cpu = 00:00:00.02 ; elapsed = 00:00:00.01 . Memory (MB): peak = 2904.270 ; gain = 0.000 ; free physical = 179 ; free virtual = 24241
Write Physdb Complete: Time (s): cpu = 00:00:00.15 ; elapsed = 00:00:00.08 . Memory (MB): peak = 2904.270 ; gain = 0.000 ; free physical = 179 ; free virtual = 24241
INFO: [Common 17-1381] The checkpoint '/home/danyil/rd_fpga_course/lesson_7/project_sta_pipe/project_sta_pipe.runs/impl_1/logic_func_plain_physopt.dcp' has been generated.
Command: route_design
Attempting to get a license for feature 'Vivado_Implementation' and/or device 'xc7a12ti'
INFO: [Common 17-349] Got license for feature 'Vivado_Implementation' and/or device 'xc7a12ti'


Starting Routing Task
INFO: [Route 35-254] Multithreading enabled for route_design using a maximum of 4 CPUs

Phase 1 Build RT Design
Checksum: PlaceDB: 675f449b ConstDB: 0 ShapeSum: b4889195 RouteDB: 6dca4706
Post Restoration Checksum: NetGraph: d358e121 | NumContArr: d6398a2c | Constraints: c2a8fa9d | Timing: c2a8fa9d
Phase 1 Build RT Design | Checksum: 32ee46087

Time (s): cpu = 00:00:25 ; elapsed = 00:00:24 . Memory (MB): peak = 2904.270 ; gain = 0.000 ; free physical = 151 ; free virtual = 24227

Phase 2 Router Initialization

Phase 2.1 Fix Topology Constraints
Phase 2.1 Fix Topology Constraints | Checksum: 32ee46087

Time (s): cpu = 00:00:25 ; elapsed = 00:00:24 . Memory (MB): peak = 2904.270 ; gain = 0.000 ; free physical = 151 ; free virtual = 24227

Phase 2.2 Pre Route Cleanup
Phase 2.2 Pre Route Cleanup | Checksum: 32ee46087

Time (s): cpu = 00:00:25 ; elapsed = 00:00:24 . Memory (MB): peak = 2904.270 ; gain = 0.000 ; free physical = 151 ; free virtual = 24227
 Number of Nodes with overlaps = 0

Phase 2.3 Update Timing
Phase 2.3 Update Timing | Checksum: 107db66e7

Time (s): cpu = 00:00:26 ; elapsed = 00:00:24 . Memory (MB): peak = 2904.270 ; gain = 0.000 ; free physical = 150 ; free virtual = 24228
INFO: [Route 35-416] Intermediate Timing Summary | WNS=-2.202 | TNS=-34.780| WHS=-0.038 | THS=-0.068 |


Phase 2.4 Soft Constraint Pins - Fast Budgeting
Phase 2.4 Soft Constraint Pins - Fast Budgeting | Checksum: 112d526d0

Time (s): cpu = 00:00:26 ; elapsed = 00:00:24 . Memory (MB): peak = 2904.270 ; gain = 0.000 ; free physical = 150 ; free virtual = 24228

Router Utilization Summary
  Global Vertical Routing Utilization    = 0 %
  Global Horizontal Routing Utilization  = 0 %
  Routable Net Status*
  *Does not include unroutable nets such as driverless and loadless.
  Run report_route_status for detailed report.
  Number of Failed Nets               = 124
    (Failed Nets is the sum of unrouted and partially routed nets)
  Number of Unrouted Nets             = 124
  Number of Partially Routed Nets     = 0
  Number of Node Overlaps             = 0

Phase 2 Router Initialization | Checksum: 112d526d0

Time (s): cpu = 00:00:26 ; elapsed = 00:00:24 . Memory (MB): peak = 2904.270 ; gain = 0.000 ; free physical = 150 ; free virtual = 24228

Phase 3 Global Routing
Phase 3 Global Routing | Checksum: 112d526d0

Time (s): cpu = 00:00:26 ; elapsed = 00:00:24 . Memory (MB): peak = 2904.270 ; gain = 0.000 ; free physical = 150 ; free virtual = 24228

Phase 4 Initial Routing

Phase 4.1 Initial Net Routing Pass
Phase 4.1 Initial Net Routing Pass | Checksum: 359705804

Time (s): cpu = 00:00:26 ; elapsed = 00:00:24 . Memory (MB): peak = 2904.270 ; gain = 0.000 ; free physical = 150 ; free virtual = 24228
Phase 4 Initial Routing | Checksum: 359705804

Time (s): cpu = 00:00:26 ; elapsed = 00:00:24 . Memory (MB): peak = 2904.270 ; gain = 0.000 ; free physical = 150 ; free virtual = 24228
INFO: [Route 35-580] Design has 3 pins with tight setup and hold constraints.

The top 5 pins with tight setup and hold constraints:

+====================+===================+=================+
| Launch Setup Clock | Launch Hold Clock | Pin             |
+====================+===================+=================+
| sys_clk            | sys_clk           | result_reg[6]/D |
| sys_clk            | sys_clk           | result_reg[4]/D |
| sys_clk            | sys_clk           | result_reg[5]/D |
+--------------------+-------------------+-----------------+

File with complete list of pins: tight_setup_hold_pins.txt


Phase 5 Rip-up And Reroute

Phase 5.1 Global Iteration 0
 Number of Nodes with overlaps = 2
 Number of Nodes with overlaps = 0
INFO: [Route 35-416] Intermediate Timing Summary | WNS=-2.274 | TNS=-35.908| WHS=N/A    | THS=N/A    |

Phase 5.1 Global Iteration 0 | Checksum: 211fc0ef3

Time (s): cpu = 00:00:26 ; elapsed = 00:00:25 . Memory (MB): peak = 2904.270 ; gain = 0.000 ; free physical = 150 ; free virtual = 24228

Phase 5.2 Global Iteration 1
 Number of Nodes with overlaps = 1
 Number of Nodes with overlaps = 1
 Number of Nodes with overlaps = 0
INFO: [Route 35-416] Intermediate Timing Summary | WNS=-2.258 | TNS=-35.652| WHS=N/A    | THS=N/A    |

Phase 5.2 Global Iteration 1 | Checksum: 30b650a80

Time (s): cpu = 00:00:27 ; elapsed = 00:00:25 . Memory (MB): peak = 2904.270 ; gain = 0.000 ; free physical = 150 ; free virtual = 24228
Phase 5 Rip-up And Reroute | Checksum: 30b650a80

Time (s): cpu = 00:00:27 ; elapsed = 00:00:25 . Memory (MB): peak = 2904.270 ; gain = 0.000 ; free physical = 150 ; free virtual = 24228

Phase 6 Delay and Skew Optimization

Phase 6.1 Delay CleanUp

Phase 6.1.1 Update Timing
Phase 6.1.1 Update Timing | Checksum: 2a9363fa6

Time (s): cpu = 00:00:27 ; elapsed = 00:00:25 . Memory (MB): peak = 2904.270 ; gain = 0.000 ; free physical = 150 ; free virtual = 24228
INFO: [Route 35-416] Intermediate Timing Summary | WNS=-2.166 | TNS=-34.360| WHS=N/A    | THS=N/A    |

 Number of Nodes with overlaps = 0
Phase 6.1 Delay CleanUp | Checksum: 34c0e639c

Time (s): cpu = 00:00:27 ; elapsed = 00:00:25 . Memory (MB): peak = 2904.270 ; gain = 0.000 ; free physical = 150 ; free virtual = 24228

Phase 6.2 Clock Skew Optimization
Phase 6.2 Clock Skew Optimization | Checksum: 34c0e639c

Time (s): cpu = 00:00:27 ; elapsed = 00:00:25 . Memory (MB): peak = 2904.270 ; gain = 0.000 ; free physical = 150 ; free virtual = 24228
Phase 6 Delay and Skew Optimization | Checksum: 34c0e639c

Time (s): cpu = 00:00:27 ; elapsed = 00:00:25 . Memory (MB): peak = 2904.270 ; gain = 0.000 ; free physical = 150 ; free virtual = 24228

Phase 7 Post Hold Fix

Phase 7.1 Hold Fix Iter
INFO: [Route 35-416] Intermediate Timing Summary | WNS=-2.166 | TNS=-34.360| WHS=0.280  | THS=0.000  |

Phase 7.1 Hold Fix Iter | Checksum: 30337f0db

Time (s): cpu = 00:00:27 ; elapsed = 00:00:25 . Memory (MB): peak = 2904.270 ; gain = 0.000 ; free physical = 150 ; free virtual = 24228
Phase 7 Post Hold Fix | Checksum: 30337f0db

Time (s): cpu = 00:00:27 ; elapsed = 00:00:25 . Memory (MB): peak = 2904.270 ; gain = 0.000 ; free physical = 150 ; free virtual = 24228

Phase 8 Route finalize

Router Utilization Summary
  Global Vertical Routing Utilization    = 0.144302 %
  Global Horizontal Routing Utilization  = 0.152477 %
  Routable Net Status*
  *Does not include unroutable nets such as driverless and loadless.
  Run report_route_status for detailed report.
  Number of Failed Nets               = 0
    (Failed Nets is the sum of unrouted and partially routed nets)
  Number of Unrouted Nets             = 0
  Number of Partially Routed Nets     = 0
  Number of Node Overlaps             = 0


--GLOBAL Congestion:
Utilization threshold used for congestion level computation: 0.85
Congestion Report
North Dir 1x1 Area, Max Cong = 9.00901%, No Congested Regions.
South Dir 1x1 Area, Max Cong = 25.2252%, No Congested Regions.
East Dir 1x1 Area, Max Cong = 14.7059%, No Congested Regions.
West Dir 1x1 Area, Max Cong = 11.7647%, No Congested Regions.

------------------------------
Reporting congestion hotspots
------------------------------
Direction: North
----------------
Congested clusters found at Level 0
Effective congestion level: 0 Aspect Ratio: 1 Sparse Ratio: 0
Direction: South
----------------
Congested clusters found at Level 0
Effective congestion level: 0 Aspect Ratio: 1 Sparse Ratio: 0
Direction: East
----------------
Congested clusters found at Level 0
Effective congestion level: 0 Aspect Ratio: 1 Sparse Ratio: 0
Direction: West
----------------
Congested clusters found at Level 0
Effective congestion level: 0 Aspect Ratio: 1 Sparse Ratio: 0

Phase 8 Route finalize | Checksum: 30337f0db

Time (s): cpu = 00:00:27 ; elapsed = 00:00:25 . Memory (MB): peak = 2904.270 ; gain = 0.000 ; free physical = 150 ; free virtual = 24228

Phase 9 Verifying routed nets

 Verification completed successfully
Phase 9 Verifying routed nets | Checksum: 30337f0db

Time (s): cpu = 00:00:27 ; elapsed = 00:00:25 . Memory (MB): peak = 2904.270 ; gain = 0.000 ; free physical = 149 ; free virtual = 24227

Phase 10 Depositing Routes
Phase 10 Depositing Routes | Checksum: 259a362e3

Time (s): cpu = 00:00:27 ; elapsed = 00:00:25 . Memory (MB): peak = 2904.270 ; gain = 0.000 ; free physical = 149 ; free virtual = 24227

Phase 11 Post Process Routing
Phase 11 Post Process Routing | Checksum: 259a362e3

Time (s): cpu = 00:00:27 ; elapsed = 00:00:25 . Memory (MB): peak = 2904.270 ; gain = 0.000 ; free physical = 149 ; free virtual = 24227

Phase 12 Post Router Timing
INFO: [Route 35-57] Estimated Timing Summary | WNS=-2.166 | TNS=-34.360| WHS=0.280  | THS=0.000  |

WARNING: [Route 35-328] Router estimated timing not met.
Resolution: For a complete and accurate timing signoff, report_timing_summary must be run after route_design. Alternatively, route_design can be run with the -timing_summary option to enable a complete timing signoff at the end of route_design.
Phase 12 Post Router Timing | Checksum: 259a362e3

Time (s): cpu = 00:00:27 ; elapsed = 00:00:25 . Memory (MB): peak = 2904.270 ; gain = 0.000 ; free physical = 149 ; free virtual = 24227
Total Elapsed time in route_design: 24.65 secs

Phase 13 Post-Route Event Processing
Phase 13 Post-Route Event Processing | Checksum: 265fe850f

Time (s): cpu = 00:00:27 ; elapsed = 00:00:25 . Memory (MB): peak = 2904.270 ; gain = 0.000 ; free physical = 149 ; free virtual = 24227
INFO: [Route 35-16] Router Completed Successfully
Ending Routing Task | Checksum: 265fe850f

Time (s): cpu = 00:00:27 ; elapsed = 00:00:25 . Memory (MB): peak = 2904.270 ; gain = 0.000 ; free physical = 149 ; free virtual = 24227

Routing Is Done.
INFO: [Common 17-83] Releasing license: Vivado_Implementation
140 Infos, 1 Warnings, 0 Critical Warnings and 0 Errors encountered.
route_design completed successfully
route_design: Time (s): cpu = 00:00:27 ; elapsed = 00:00:25 . Memory (MB): peak = 2904.270 ; gain = 0.000 ; free physical = 149 ; free virtual = 24227
INFO: [Vivado 12-24828] Executing command : report_drc -file logic_func_plain_drc_routed.rpt -pb logic_func_plain_drc_routed.pb -rpx logic_func_plain_drc_routed.rpx
Command: report_drc -file logic_func_plain_drc_routed.rpt -pb logic_func_plain_drc_routed.pb -rpx logic_func_plain_drc_routed.rpx
INFO: [IP_Flow 19-1839] IP Catalog is up to date.
INFO: [DRC 23-27] Running DRC with 8 threads
INFO: [Vivado_Tcl 2-168] The results of DRC are in file /home/danyil/rd_fpga_course/lesson_7/project_sta_pipe/project_sta_pipe.runs/impl_1/logic_func_plain_drc_routed.rpt.
report_drc completed successfully
INFO: [Vivado 12-24828] Executing command : report_methodology -file logic_func_plain_methodology_drc_routed.rpt -pb logic_func_plain_methodology_drc_routed.pb -rpx logic_func_plain_methodology_drc_routed.rpx
Command: report_methodology -file logic_func_plain_methodology_drc_routed.rpt -pb logic_func_plain_methodology_drc_routed.pb -rpx logic_func_plain_methodology_drc_routed.rpx
INFO: [Timing 38-35] Done setting XDC timing constraints.
INFO: [DRC 23-133] Running Methodology with 8 threads
INFO: [Vivado_Tcl 2-1520] The results of Report Methodology are in file /home/danyil/rd_fpga_course/lesson_7/project_sta_pipe/project_sta_pipe.runs/impl_1/logic_func_plain_methodology_drc_routed.rpt.
report_methodology completed successfully
INFO: [Vivado 12-24828] Executing command : report_timing_summary -max_paths 10 -routable_nets -report_unconstrained -file logic_func_plain_timing_summary_routed.rpt -pb logic_func_plain_timing_summary_routed.pb -rpx logic_func_plain_timing_summary_routed.rpx -warn_on_violation 
INFO: [Timing 38-35] Done setting XDC timing constraints.
INFO: [Timing 38-91] UpdateTimingParams: Speed grade: -1L, Delay Type: min_max.
INFO: [Timing 38-191] Multithreading enabled for timing update using a maximum of 4 CPUs
CRITICAL WARNING: [Timing 38-282] The design failed to meet the timing requirements. Please see the timing summary report for details on the timing violations.
INFO: [Vivado 12-24838] Running report commands "report_bus_skew, report_incremental_reuse, report_route_status" in parallel.
Running report generation with 2 threads.
INFO: [Vivado 12-24828] Executing command : report_route_status -file logic_func_plain_route_status.rpt -pb logic_func_plain_route_status.pb
INFO: [Vivado 12-24828] Executing command : report_incremental_reuse -file logic_func_plain_incremental_reuse_routed.rpt
INFO: [Vivado_Tcl 4-1062] Incremental flow is disabled. No incremental reuse Info to report.
INFO: [Vivado 12-24828] Executing command : report_bus_skew -warn_on_violation -file logic_func_plain_bus_skew_routed.rpt -pb logic_func_plain_bus_skew_routed.pb -rpx logic_func_plain_bus_skew_routed.rpx
INFO: [Timing 38-91] UpdateTimingParams: Speed grade: -1L, Delay Type: min_max.
INFO: [Timing 38-191] Multithreading enabled for timing update using a maximum of 4 CPUs
INFO: [Vivado 12-24828] Executing command : report_power -file logic_func_plain_power_routed.rpt -pb logic_func_plain_power_summary_routed.pb -rpx logic_func_plain_power_routed.rpx
Command: report_power -file logic_func_plain_power_routed.rpt -pb logic_func_plain_power_summary_routed.pb -rpx logic_func_plain_power_routed.rpx
Running Vector-less Activity Propagation...

Finished Running Vector-less Activity Propagation
160 Infos, 1 Warnings, 1 Critical Warnings and 0 Errors encountered.
report_power completed successfully
INFO: [Vivado 12-24828] Executing command : report_clock_utilization -file logic_func_plain_clock_utilization_routed.rpt
generate_parallel_reports: Time (s): cpu = 00:00:08 ; elapsed = 00:00:05 . Memory (MB): peak = 2912.273 ; gain = 8.004 ; free physical = 132 ; free virtual = 24216
INFO: [Timing 38-480] Writing timing data to binary archive.
Wrote PlaceDB: Time (s): cpu = 00:00:00.01 ; elapsed = 00:00:00 . Memory (MB): peak = 2912.273 ; gain = 0.000 ; free physical = 133 ; free virtual = 24216
Write ShapeDB Complete: Time (s): cpu = 00:00:00.01 ; elapsed = 00:00:00 . Memory (MB): peak = 2912.273 ; gain = 0.000 ; free physical = 133 ; free virtual = 24216
Wrote PulsedLatchDB: Time (s): cpu = 00:00:00 ; elapsed = 00:00:00 . Memory (MB): peak = 2912.273 ; gain = 0.000 ; free physical = 133 ; free virtual = 24217
Writing XDEF routing.
Writing XDEF routing logical nets.
Writing XDEF routing special nets.
Wrote RouteStorage: Time (s): cpu = 00:00:00.1 ; elapsed = 00:00:00.05 . Memory (MB): peak = 2912.273 ; gain = 0.000 ; free physical = 133 ; free virtual = 24217
Wrote PlaceStorage: Time (s): cpu = 00:00:00.03 ; elapsed = 00:00:00.02 . Memory (MB): peak = 2912.273 ; gain = 0.000 ; free physical = 133 ; free virtual = 24217
Wrote Netlist Cache: Time (s): cpu = 00:00:00 ; elapsed = 00:00:00 . Memory (MB): peak = 2912.273 ; gain = 0.000 ; free physical = 133 ; free virtual = 24217
Wrote Device Cache: Time (s): cpu = 00:00:00.02 ; elapsed = 00:00:00.01 . Memory (MB): peak = 2912.273 ; gain = 0.000 ; free physical = 133 ; free virtual = 24217
Write Physdb Complete: Time (s): cpu = 00:00:00.18 ; elapsed = 00:00:00.08 . Memory (MB): peak = 2912.273 ; gain = 0.000 ; free physical = 133 ; free virtual = 24217
INFO: [Common 17-1381] The checkpoint '/home/danyil/rd_fpga_course/lesson_7/project_sta_pipe/project_sta_pipe.runs/impl_1/logic_func_plain_routed.dcp' has been generated.
INFO: [Common 17-206] Exiting Vivado at Thu Sep 10 23:05:36 2026...
