#-----------------------------------------------------------
# xsim v2026.1 (64-bit)
# SW Build 6511674 on Tue Jun 16 11:01:26 MDT 2026
# IP Build 6504888 on Tue Jun 09 09:05:25 MDT 2026
# SharedData Build 6501428 on Mon Jun 08 17:34:18 MDT 2026
# Start of session at: Wed Sep  2 22:52:51 2026
# Process ID         : 61911
# Current directory  : /home/danyil/rd_fpga_course/lesson_5
# Command line       : xsim -mode tcl -source {xsim.dir/tb_sim/xsim_script.tcl}
# Log file           : /home/danyil/rd_fpga_course/lesson_5/xsim.log
# Journal file       : /home/danyil/rd_fpga_course/lesson_5/xsim.jou
# Running On         : danyil-aspirea51541g
# Platform           : Ubuntu
# Operating System   : Ubuntu 26.04.1 LTS
# Processor Detail   : AMD FX-9800P RADEON R7, 12 COMPUTE CORES 4C+8G
# CPU Frequency      : 2877.824 MHz
# CPU Physical cores : 4
# CPU Logical cores  : 4
# Host memory        : 7219 MB
# Swap memory        : 29916 MB
# Total Virtual      : 37135 MB
# Available Virtual  : 27570 MB
#-----------------------------------------------------------
source xsim.dir/tb_sim/xsim_script.tcl
run -all
