
*** Running vivado
    with args -log alu.vdi -applog -m64 -product Vivado -messageDb vivado.pb -mode batch -source alu.tcl -notrace

INFO: [Common 17-3922] A valid Vivado Design Suite BASIC license has been detected. Your current license is active and will expire on 29-aug-2027.
#-----------------------------------------------------------
# Vivado v2026.1 (64-bit)
# SW Build 6511674 on Tue Jun 16 11:01:26 MDT 2026
# IP Build 6504888 on Tue Jun 09 09:05:25 MDT 2026
# SharedData Build 6501428 on Mon Jun 08 17:34:18 MDT 2026
# Start of session at: Thu Sep 10 21:59:20 2026
# Process ID         : 35690
# Current directory  : /home/danyil/rd_fpga_course/lesson_7/project_3/project_3.runs/impl_1
# Command line       : vivado -log alu.vdi -applog -product Vivado -messageDb vivado.pb -mode batch -source alu.tcl -notrace
# Log file           : /home/danyil/rd_fpga_course/lesson_7/project_3/project_3.runs/impl_1/alu.vdi
# Journal file       : /home/danyil/rd_fpga_course/lesson_7/project_3/project_3.runs/impl_1/vivado.jou
# Running On         : danyil-aspirea51541g
# Platform           : Ubuntu
# Operating System   : Ubuntu 26.04.1 LTS
# Processor Detail   : AMD FX-9800P RADEON R7, 12 COMPUTE CORES 4C+8G
# CPU Frequency      : 3159.762 MHz
# CPU Physical cores : 4
# CPU Logical cores  : 4
# Host memory        : 7219 MB
# Swap memory        : 29916 MB
# Total Virtual      : 37135 MB
# Available Virtual  : 28995 MB
#-----------------------------------------------------------

****** Vivado v2026.1 (64-bit)
  **** SW Build 6511674 on Tue Jun 16 11:01:26 MDT 2026
  **** IP Build 6504888 on Tue Jun 09 09:05:25 MDT 2026
  **** SharedData Build 6501428 on Mon Jun 08 17:34:18 MDT 2026
  **** Start of session at: Thu Sep 10 21:59:20 2026
    ** Copyright 1986-2022 Xilinx, Inc. All Rights Reserved.
    ** Copyright 2022-2026 Advanced Micro Devices, Inc. All Rights Reserved.

source alu.tcl -notrace
create_project: Time (s): cpu = 00:00:27 ; elapsed = 00:00:09 . Memory (MB): peak = 1717.473 ; gain = 279.059 ; free physical = 784 ; free virtual = 27215
Command: link_design -top alu -part xc7a12ticsg325-1L
Design is defaulting to srcset: sources_1
Design is defaulting to constrset: constrs_1
INFO: [Device 21-403] Loading part xc7a12ticsg325-1L
Netlist sorting complete. Time (s): cpu = 00:00:00 ; elapsed = 00:00:00 . Memory (MB): peak = 1858.426 ; gain = 0.000 ; free physical = 585 ; free virtual = 27041
INFO: [Project 1-479] Netlist was created with Vivado 2026.1
INFO: [Project 1-570] Preparing netlist for logic optimization
Parsing XDC File [/home/danyil/rd_fpga_course/lesson_7/constr/alu_constr.xdc]
Finished Parsing XDC File [/home/danyil/rd_fpga_course/lesson_7/constr/alu_constr.xdc]
INFO: [Opt 31-138] Pushed 0 inverter(s) to 0 load pin(s).
Netlist sorting complete. Time (s): cpu = 00:00:00 ; elapsed = 00:00:00 . Memory (MB): peak = 1959.988 ; gain = 0.000 ; free physical = 469 ; free virtual = 26927
INFO: [Project 1-111] Unisim Transformation Summary:
No Unisim elements were transformed.

5 Infos, 0 Warnings, 0 Critical Warnings and 0 Errors encountered.
link_design completed successfully
link_design: Time (s): cpu = 00:00:07 ; elapsed = 00:00:12 . Memory (MB): peak = 1962.992 ; gain = 245.520 ; free physical = 468 ; free virtual = 26927
Command: opt_design
Attempting to get a license for feature 'Vivado_Implementation' and/or device 'xc7a12ti'
INFO: [Common 17-349] Got license for feature 'Vivado_Implementation' and/or device 'xc7a12ti'
Running DRC as a precondition to command opt_design

Starting DRC Task
INFO: [DRC 23-27] Running DRC with 8 threads
INFO: [Project 1-461] DRC finished with 0 Errors
INFO: [Project 1-462] Please refer to the DRC report (report_drc) for more information.

Time (s): cpu = 00:00:01 ; elapsed = 00:00:01 . Memory (MB): peak = 2033.859 ; gain = 70.867 ; free physical = 447 ; free virtual = 26911

Starting Cache Timing Information Task
INFO: [Timing 38-35] Done setting XDC timing constraints.
Ending Cache Timing Information Task | Checksum: 1d0baf600

Time (s): cpu = 00:00:11 ; elapsed = 00:00:12 . Memory (MB): peak = 2511.070 ; gain = 477.211 ; free physical = 286 ; free virtual = 26559

Starting Logic Optimization Task

Phase 1 Initialization

Phase 1.1 Core Generation And Design Setup
Phase 1.1 Core Generation And Design Setup | Checksum: 1d0baf600

Time (s): cpu = 00:00:00 ; elapsed = 00:00:00 . Memory (MB): peak = 2933.984 ; gain = 0.000 ; free physical = 210 ; free virtual = 25993

Phase 1.2 Setup Constraints And Sort Netlist
Phase 1.2 Setup Constraints And Sort Netlist | Checksum: 1d0baf600

Time (s): cpu = 00:00:00 ; elapsed = 00:00:00.01 . Memory (MB): peak = 2933.984 ; gain = 0.000 ; free physical = 210 ; free virtual = 25993
Phase 1 Initialization | Checksum: 1d0baf600

Time (s): cpu = 00:00:00 ; elapsed = 00:00:00.01 . Memory (MB): peak = 2933.984 ; gain = 0.000 ; free physical = 210 ; free virtual = 25993

Phase 2 Timer Update And Timing Data Collection

Phase 2.1 Detect if minReqCache needed
Phase 2.1 Detect if minReqCache needed | Checksum: 1d0baf600

Time (s): cpu = 00:00:00 ; elapsed = 00:00:00.02 . Memory (MB): peak = 2933.984 ; gain = 0.000 ; free physical = 210 ; free virtual = 25993

Phase 2.2 Timer Update
Phase 2.2 Timer Update | Checksum: 1d0baf600

Time (s): cpu = 00:00:00.01 ; elapsed = 00:00:00.03 . Memory (MB): peak = 2933.984 ; gain = 0.000 ; free physical = 210 ; free virtual = 25993

Phase 2.3 Timing Data Collection
Phase 2.3 Timing Data Collection | Checksum: 1d0baf600

Time (s): cpu = 00:00:00.01 ; elapsed = 00:00:00.03 . Memory (MB): peak = 2933.984 ; gain = 0.000 ; free physical = 210 ; free virtual = 25993
Phase 2 Timer Update And Timing Data Collection | Checksum: 1d0baf600

Time (s): cpu = 00:00:00.01 ; elapsed = 00:00:00.03 . Memory (MB): peak = 2933.984 ; gain = 0.000 ; free physical = 210 ; free virtual = 25993

Phase 3 Retarget
INFO: [Opt 31-1851] Number of loadless carry chains removed were: 0
INFO: [Opt 31-1834] Total Chains To Be Transformed Were: 0 AND Number of Transformed insts Created are: 0
INFO: [Opt 31-138] Pushed 0 inverter(s) to 0 load pin(s).
INFO: [Opt 31-49] Retargeted 0 cell(s).
Phase 3 Retarget | Checksum: 1d0baf600

Time (s): cpu = 00:00:00.02 ; elapsed = 00:00:00.05 . Memory (MB): peak = 2933.984 ; gain = 0.000 ; free physical = 210 ; free virtual = 25993
Retarget | Checksum: 1d0baf600
INFO: [Opt 31-389] Phase Retarget created 0 cells and removed 0 cells

Phase 4 Constant propagation
INFO: [Opt 31-138] Pushed 0 inverter(s) to 0 load pin(s).
Phase 4 Constant propagation | Checksum: 1d0baf600

Time (s): cpu = 00:00:00.02 ; elapsed = 00:00:00.06 . Memory (MB): peak = 2933.984 ; gain = 0.000 ; free physical = 210 ; free virtual = 25993
Constant propagation | Checksum: 1d0baf600
INFO: [Opt 31-389] Phase Constant propagation created 0 cells and removed 0 cells

Phase 5 Sweep
INFO: [Constraints 18-11670] Building netlist checker database with flags, 0x8
Done building netlist checker database: Time (s): cpu = 00:00:00 ; elapsed = 00:00:00 . Memory (MB): peak = 2933.984 ; gain = 0.000 ; free physical = 210 ; free virtual = 25993
Phase 5 Sweep | Checksum: 1d0baf600

Time (s): cpu = 00:00:00.03 ; elapsed = 00:00:00.07 . Memory (MB): peak = 2933.984 ; gain = 0.000 ; free physical = 210 ; free virtual = 25993
Sweep | Checksum: 1d0baf600
INFO: [Opt 31-389] Phase Sweep created 0 cells and removed 0 cells

Phase 6 BUFG optimization
Phase 6 BUFG optimization | Checksum: 1d0baf600

Time (s): cpu = 00:00:00.04 ; elapsed = 00:00:00.08 . Memory (MB): peak = 2966.000 ; gain = 32.016 ; free physical = 209 ; free virtual = 25992
BUFG optimization | Checksum: 1d0baf600
INFO: [Opt 31-662] Phase BUFG optimization created 0 cells of which 0 are BUFGs and removed 0 cells.

Phase 7 Shift Register Optimization
INFO: [Opt 31-1064] SRL Remap converted 0 SRLs to 0 registers and converted 0 registers of register chains to 0 SRLs
Phase 7 Shift Register Optimization | Checksum: 1d0baf600

Time (s): cpu = 00:00:00.04 ; elapsed = 00:00:00.09 . Memory (MB): peak = 2966.000 ; gain = 32.016 ; free physical = 209 ; free virtual = 25992
Shift Register Optimization | Checksum: 1d0baf600
INFO: [Opt 31-389] Phase Shift Register Optimization created 0 cells and removed 0 cells

Phase 8 Post Processing Netlist
Phase 8 Post Processing Netlist | Checksum: 1d0baf600

Time (s): cpu = 00:00:00.05 ; elapsed = 00:00:00.1 . Memory (MB): peak = 2966.000 ; gain = 32.016 ; free physical = 208 ; free virtual = 25992
Post Processing Netlist | Checksum: 1d0baf600
INFO: [Opt 31-389] Phase Post Processing Netlist created 0 cells and removed 0 cells

Phase 9 Finalization

Phase 9.1 Finalizing Design Cores and Updating Shapes
Phase 9.1 Finalizing Design Cores and Updating Shapes | Checksum: 1d0baf600

Time (s): cpu = 00:00:00.05 ; elapsed = 00:00:00.1 . Memory (MB): peak = 2966.000 ; gain = 32.016 ; free physical = 208 ; free virtual = 25992

Phase 9.2 Verifying Netlist Connectivity

Starting Connectivity Check Task

Time (s): cpu = 00:00:00 ; elapsed = 00:00:00.01 . Memory (MB): peak = 2966.000 ; gain = 0.000 ; free physical = 208 ; free virtual = 25992
Phase 9.2 Verifying Netlist Connectivity | Checksum: 1d0baf600

Time (s): cpu = 00:00:00.05 ; elapsed = 00:00:00.11 . Memory (MB): peak = 2966.000 ; gain = 32.016 ; free physical = 208 ; free virtual = 25992
Phase 9 Finalization | Checksum: 1d0baf600

Time (s): cpu = 00:00:00.05 ; elapsed = 00:00:00.11 . Memory (MB): peak = 2966.000 ; gain = 32.016 ; free physical = 208 ; free virtual = 25992
Opt_design Change Summary
=========================


-------------------------------------------------------------------------------------------------------------------------
|  Phase                        |  #Cells created  |  #Cells Removed  |  #Constrained objects preventing optimizations  |
-------------------------------------------------------------------------------------------------------------------------
|  Retarget                     |               0  |               0  |                                              0  |
|  Constant propagation         |               0  |               0  |                                              0  |
|  Sweep                        |               0  |               0  |                                              0  |
|  BUFG optimization            |               0  |               0  |                                              0  |
|  Shift Register Optimization  |               0  |               0  |                                              0  |
|  Post Processing Netlist      |               0  |               0  |                                              0  |
-------------------------------------------------------------------------------------------------------------------------


Ending Logic Optimization Task | Checksum: 1d0baf600

Time (s): cpu = 00:00:00.06 ; elapsed = 00:00:00.11 . Memory (MB): peak = 2966.000 ; gain = 32.016 ; free physical = 208 ; free virtual = 25992

Starting Power Optimization Task
INFO: [Pwropt 34-132] Skipping clock gating for clocks with a period < 2.00 ns.
Ending Power Optimization Task | Checksum: 1d0baf600

Time (s): cpu = 00:00:00.01 ; elapsed = 00:00:00.02 . Memory (MB): peak = 2966.000 ; gain = 0.000 ; free physical = 208 ; free virtual = 25992

Starting Final Cleanup Task
Ending Final Cleanup Task | Checksum: 1d0baf600

Time (s): cpu = 00:00:00 ; elapsed = 00:00:00 . Memory (MB): peak = 2966.000 ; gain = 0.000 ; free physical = 208 ; free virtual = 25992
Netlist sorting complete. Time (s): cpu = 00:00:00 ; elapsed = 00:00:00 . Memory (MB): peak = 2966.000 ; gain = 0.000 ; free physical = 208 ; free virtual = 25992
INFO: [Common 17-83] Releasing license: Vivado_Implementation
25 Infos, 0 Warnings, 0 Critical Warnings and 0 Errors encountered.
opt_design completed successfully
opt_design: Time (s): cpu = 00:00:21 ; elapsed = 00:00:23 . Memory (MB): peak = 2966.000 ; gain = 1003.008 ; free physical = 208 ; free virtual = 25992
INFO: [Vivado 12-24828] Executing command : report_drc -file alu_drc_opted.rpt -pb alu_drc_opted.pb -rpx alu_drc_opted.rpx
Command: report_drc -file alu_drc_opted.rpt -pb alu_drc_opted.pb -rpx alu_drc_opted.rpx
INFO: [IP_Flow 19-234] Refreshing IP repositories
INFO: [IP_Flow 19-1704] No user IP repositories specified
INFO: [IP_Flow 19-2313] Loaded Vivado IP repository '/home/amd/2026.1/data/ip'.
INFO: [DRC 23-27] Running DRC with 8 threads
INFO: [Vivado_Tcl 2-168] The results of DRC are in file /home/danyil/rd_fpga_course/lesson_7/project_3/project_3.runs/impl_1/alu_drc_opted.rpt.
report_drc completed successfully
Write ShapeDB Complete: Time (s): cpu = 00:00:00.01 ; elapsed = 00:00:00 . Memory (MB): peak = 2966.000 ; gain = 0.000 ; free physical = 202 ; free virtual = 25987
INFO: [Timing 38-480] Writing timing data to binary archive.
INFO: [Common 17-1381] The checkpoint '/home/danyil/rd_fpga_course/lesson_7/project_3/project_3.runs/impl_1/alu_opt.dcp' has been generated.
Command: place_design
Attempting to get a license for feature 'Vivado_Implementation' and/or device 'xc7a12ti'
INFO: [Common 17-349] Got license for feature 'Vivado_Implementation' and/or device 'xc7a12ti'
INFO: [Common 17-83] Releasing license: Vivado_Implementation
INFO: [Timing 38-35] Done setting XDC timing constraints.
Running DRC as a precondition to command place_design
INFO: [DRC 23-27] Running DRC with 8 threads
INFO: [Vivado_Tcl 4-198] DRC finished with 0 Errors
INFO: [Vivado_Tcl 4-199] Please refer to the DRC report (report_drc) for more information.
INFO: [Place 30-611] Multithreading enabled for place_design using a maximum of 4 CPUs

Starting Placer Task

Phase 1 Placer Initialization

Phase 1.1 Placer Initialization Netlist Sorting
Netlist sorting complete. Time (s): cpu = 00:00:00 ; elapsed = 00:00:00 . Memory (MB): peak = 2966.000 ; gain = 0.000 ; free physical = 180 ; free virtual = 25984
Phase 1.1 Placer Initialization Netlist Sorting | Checksum: d0f0f75c

Time (s): cpu = 00:00:00 ; elapsed = 00:00:00.02 . Memory (MB): peak = 2966.000 ; gain = 0.000 ; free physical = 180 ; free virtual = 25984
Netlist sorting complete. Time (s): cpu = 00:00:00 ; elapsed = 00:00:00 . Memory (MB): peak = 2966.000 ; gain = 0.000 ; free physical = 180 ; free virtual = 25984

Phase 1.2 IO Placement/ Clock Placement/ Build Placer Device
Phase 1.2 IO Placement/ Clock Placement/ Build Placer Device | Checksum: 19cbad077

Time (s): cpu = 00:00:00.41 ; elapsed = 00:00:00.42 . Memory (MB): peak = 2966.000 ; gain = 0.000 ; free physical = 173 ; free virtual = 25983

Phase 1.3 Build Placer Netlist Model
Phase 1.3 Build Placer Netlist Model | Checksum: 23df1a4ab

Time (s): cpu = 00:00:00.49 ; elapsed = 00:00:00.53 . Memory (MB): peak = 2966.000 ; gain = 0.000 ; free physical = 172 ; free virtual = 25983

Phase 1.4 Constrain Clocks/Macros
Phase 1.4 Constrain Clocks/Macros | Checksum: 23df1a4ab

Time (s): cpu = 00:00:00.5 ; elapsed = 00:00:00.54 . Memory (MB): peak = 2966.000 ; gain = 0.000 ; free physical = 172 ; free virtual = 25984
Phase 1 Placer Initialization | Checksum: 23df1a4ab

Time (s): cpu = 00:00:00.5 ; elapsed = 00:00:00.55 . Memory (MB): peak = 2966.000 ; gain = 0.000 ; free physical = 172 ; free virtual = 25984

Phase 2 Global Placement

Phase 2.1 Floorplanning
Phase 2.1 Floorplanning | Checksum: 25a601233

Time (s): cpu = 00:00:00.59 ; elapsed = 00:00:00.63 . Memory (MB): peak = 2966.000 ; gain = 0.000 ; free physical = 171 ; free virtual = 25983

Phase 2.2 Update Timing before SLR Path Opt
Phase 2.2 Update Timing before SLR Path Opt | Checksum: 1bbffc6ec

Time (s): cpu = 00:00:00.61 ; elapsed = 00:00:00.65 . Memory (MB): peak = 2966.000 ; gain = 0.000 ; free physical = 170 ; free virtual = 25983

Phase 2.3 Post-Processing in Floorplanning
Phase 2.3 Post-Processing in Floorplanning | Checksum: 1bbffc6ec

Time (s): cpu = 00:00:00.61 ; elapsed = 00:00:00.65 . Memory (MB): peak = 2966.000 ; gain = 0.000 ; free physical = 170 ; free virtual = 25983

Phase 2.4 Global Place Phase1
Phase 2.4 Global Place Phase1 | Checksum: 1acd02912

Time (s): cpu = 00:00:00.88 ; elapsed = 00:00:00.93 . Memory (MB): peak = 2966.000 ; gain = 0.000 ; free physical = 156 ; free virtual = 25972

Phase 2.5 Global Place Phase2

Phase 2.5.1 UpdateTiming Before Physical Synthesis
Phase 2.5.1 UpdateTiming Before Physical Synthesis | Checksum: 1acd02912

Time (s): cpu = 00:00:00.91 ; elapsed = 00:00:00.97 . Memory (MB): peak = 2966.000 ; gain = 0.000 ; free physical = 154 ; free virtual = 25971

Phase 2.5.2 Physical Synthesis In Placer
INFO: [Physopt 32-1044] Break lutnm for timing: one critical 0, two critical 0, total 0, new lutff created 0
INFO: [Physopt 32-1138] End 1 Pass. Optimized 0 net or LUT. Breaked 0 LUT, combined 0 existing LUT and moved 0 existing LUT
INFO: [Physopt 32-65] No nets found for high-fanout optimization.
INFO: [Physopt 32-232] Optimized 0 net. Created 0 new instance.
INFO: [Physopt 32-775] End 1 Pass. Optimized 0 net or cell. Created 0 new cell, deleted 0 existing cell and moved 0 existing cell
INFO: [Physopt 32-670] No setup violation found.  DSP Register Optimization was not performed.
INFO: [Physopt 32-670] No setup violation found.  Shift Register to Pipeline Optimization was not performed.
INFO: [Physopt 32-670] No setup violation found.  Shift Register Optimization was not performed.
INFO: [Physopt 32-670] No setup violation found.  BRAM Register Optimization was not performed.
INFO: [Physopt 32-670] No setup violation found.  URAM Register Optimization was not performed.
INFO: [Physopt 32-949] No candidate nets found for dynamic/static region interface net replication
INFO: [Physopt 32-775] End 1 Pass. Optimized 0 net or cell. Created 0 new cell, deleted 0 existing cell and moved 0 existing cell
Netlist sorting complete. Time (s): cpu = 00:00:00 ; elapsed = 00:00:00 . Memory (MB): peak = 2966.000 ; gain = 0.000 ; free physical = 148 ; free virtual = 25969

Summary of Physical Synthesis Optimizations
============================================


-----------------------------------------------------------------------------------------------------------------------------------------------------------
|  Optimization                                     |  Added Cells  |  Removed Cells  |  Optimized Cells/Nets  |  Dont Touch  |  Iterations  |  Elapsed   |
-----------------------------------------------------------------------------------------------------------------------------------------------------------
|  LUT Combining                                    |            0  |              0  |                     0  |           0  |           1  |  00:00:00  |
|  Retime                                           |            0  |              0  |                     0  |           0  |           1  |  00:00:00  |
|  Very High Fanout                                 |            0  |              0  |                     0  |           0  |           1  |  00:00:00  |
|  DSP Register                                     |            0  |              0  |                     0  |           0  |           0  |  00:00:00  |
|  Shift Register to Pipeline                       |            0  |              0  |                     0  |           0  |           0  |  00:00:00  |
|  Shift Register                                   |            0  |              0  |                     0  |           0  |           0  |  00:00:00  |
|  BRAM Register                                    |            0  |              0  |                     0  |           0  |           0  |  00:00:00  |
|  URAM Register                                    |            0  |              0  |                     0  |           0  |           0  |  00:00:00  |
|  Dynamic/Static Region Interface Net Replication  |            0  |              0  |                     0  |           0  |           1  |  00:00:00  |
|  Total                                            |            0  |              0  |                     0  |           0  |           4  |  00:00:00  |
-----------------------------------------------------------------------------------------------------------------------------------------------------------


Phase 2.5.2 Physical Synthesis In Placer | Checksum: 1acd02912

Time (s): cpu = 00:00:01 ; elapsed = 00:00:01 . Memory (MB): peak = 2966.000 ; gain = 0.000 ; free physical = 148 ; free virtual = 25969
Phase 2.5 Global Place Phase2 | Checksum: 202ef27ef

Time (s): cpu = 00:00:01 ; elapsed = 00:00:01 . Memory (MB): peak = 2966.000 ; gain = 0.000 ; free physical = 147 ; free virtual = 25969
Phase 2 Global Placement | Checksum: 202ef27ef

Time (s): cpu = 00:00:01 ; elapsed = 00:00:01 . Memory (MB): peak = 2966.000 ; gain = 0.000 ; free physical = 147 ; free virtual = 25969

Phase 3 Detail Placement

Phase 3.1 Commit Multi Column Macros
Phase 3.1 Commit Multi Column Macros | Checksum: 2533bb7a1

Time (s): cpu = 00:00:01 ; elapsed = 00:00:02 . Memory (MB): peak = 2966.000 ; gain = 0.000 ; free physical = 147 ; free virtual = 25969

Phase 3.2 Commit Most Macros & LUTRAMs
Phase 3.2 Commit Most Macros & LUTRAMs | Checksum: 201346ad1

Time (s): cpu = 00:00:01 ; elapsed = 00:00:02 . Memory (MB): peak = 2966.000 ; gain = 0.000 ; free physical = 147 ; free virtual = 25969

Phase 3.3 Area Swap Optimization
Phase 3.3 Area Swap Optimization | Checksum: 1b30435e6

Time (s): cpu = 00:00:01 ; elapsed = 00:00:02 . Memory (MB): peak = 2966.000 ; gain = 0.000 ; free physical = 147 ; free virtual = 25969

Phase 3.4 Pipeline Register Optimization
Phase 3.4 Pipeline Register Optimization | Checksum: 29cb362d3

Time (s): cpu = 00:00:01 ; elapsed = 00:00:02 . Memory (MB): peak = 2966.000 ; gain = 0.000 ; free physical = 147 ; free virtual = 25969

Phase 3.5 Small Shape Detail Placement
Phase 3.5 Small Shape Detail Placement | Checksum: 297e77530

Time (s): cpu = 00:00:02 ; elapsed = 00:00:02 . Memory (MB): peak = 2967.004 ; gain = 1.004 ; free physical = 143 ; free virtual = 25967

Phase 3.6 Re-assign LUT pins
Phase 3.6 Re-assign LUT pins | Checksum: 26954c8df

Time (s): cpu = 00:00:02 ; elapsed = 00:00:02 . Memory (MB): peak = 2967.004 ; gain = 1.004 ; free physical = 143 ; free virtual = 25967

Phase 3.7 Pipeline Register Optimization
Phase 3.7 Pipeline Register Optimization | Checksum: 192c4da0e

Time (s): cpu = 00:00:02 ; elapsed = 00:00:02 . Memory (MB): peak = 2967.004 ; gain = 1.004 ; free physical = 143 ; free virtual = 25967
Phase 3 Detail Placement | Checksum: 192c4da0e

Time (s): cpu = 00:00:02 ; elapsed = 00:00:02 . Memory (MB): peak = 2967.004 ; gain = 1.004 ; free physical = 143 ; free virtual = 25967

Phase 4 Post Placement Optimization and Clean-Up

Phase 4.1 Post Commit Optimization
INFO: [Timing 38-35] Done setting XDC timing constraints.

Phase 4.1.1 Post Placement Optimization
Post Placement Optimization Initialization | Checksum: 17e54afaf

Phase 4.1.1.1 BUFG Insertion

Starting Physical Synthesis Task

Phase 1 Physical Synthesis Initialization
INFO: [Physopt 32-721] Multithreading enabled for phys_opt_design using a maximum of 4 CPUs
INFO: [Physopt 32-619] Estimated Timing Summary | WNS=7.467 | TNS=0.000 |
Phase 1 Physical Synthesis Initialization | Checksum: 1ff096afa

Time (s): cpu = 00:00:00.01 ; elapsed = 00:00:00.01 . Memory (MB): peak = 2967.004 ; gain = 0.000 ; free physical = 141 ; free virtual = 25966
INFO: [Place 46-56] BUFG insertion identified 0 candidate nets. Inserted BUFG: 0, Replicated BUFG Driver: 0, Skipped due to Placement/Routing Conflicts: 0, Skipped due to Timing Degradation: 0, Skipped due to netlist editing failed: 0.
Ending Physical Synthesis Task | Checksum: 184e57dec

Time (s): cpu = 00:00:00.01 ; elapsed = 00:00:00.01 . Memory (MB): peak = 2967.004 ; gain = 0.000 ; free physical = 141 ; free virtual = 25966
Phase 4.1.1.1 BUFG Insertion | Checksum: 17e54afaf

Time (s): cpu = 00:00:02 ; elapsed = 00:00:02 . Memory (MB): peak = 2967.004 ; gain = 1.004 ; free physical = 141 ; free virtual = 25966

Phase 4.1.1.2 Post Placement Timing Optimization
INFO: [Place 30-746] Post Placement Timing Summary WNS=7.467. For the most accurate timing information please run report_timing.
Phase 4.1.1.2 Post Placement Timing Optimization | Checksum: aee84db3

Time (s): cpu = 00:00:02 ; elapsed = 00:00:02 . Memory (MB): peak = 2967.004 ; gain = 1.004 ; free physical = 141 ; free virtual = 25966

Time (s): cpu = 00:00:02 ; elapsed = 00:00:02 . Memory (MB): peak = 2967.004 ; gain = 1.004 ; free physical = 141 ; free virtual = 25966
Phase 4.1 Post Commit Optimization | Checksum: aee84db3

Time (s): cpu = 00:00:02 ; elapsed = 00:00:02 . Memory (MB): peak = 2967.004 ; gain = 1.004 ; free physical = 141 ; free virtual = 25966

Phase 4.2 Post Placement Cleanup
Phase 4.2 Post Placement Cleanup | Checksum: aee84db3

Time (s): cpu = 00:00:02 ; elapsed = 00:00:02 . Memory (MB): peak = 2967.004 ; gain = 1.004 ; free physical = 141 ; free virtual = 25966

Phase 4.3 Placer Reporting

Phase 4.3.1 Print Estimated Congestion
INFO: [Place 30-612] Post-Placement Estimated Congestion 
 ____________________________________________________
|           | Global Congestion | Short Congestion  |
| Direction | Region Size       | Region Size       |
|___________|___________________|___________________|
|      North|                1x1|                1x1|
|___________|___________________|___________________|
|      South|                1x1|                1x1|
|___________|___________________|___________________|
|       East|                1x1|                1x1|
|___________|___________________|___________________|
|       West|                1x1|                1x1|
|___________|___________________|___________________|

Phase 4.3.1 Print Estimated Congestion | Checksum: aee84db3

Time (s): cpu = 00:00:02 ; elapsed = 00:00:02 . Memory (MB): peak = 2967.004 ; gain = 1.004 ; free physical = 141 ; free virtual = 25966
Phase 4.3 Placer Reporting | Checksum: aee84db3

Time (s): cpu = 00:00:02 ; elapsed = 00:00:02 . Memory (MB): peak = 2967.004 ; gain = 1.004 ; free physical = 141 ; free virtual = 25966

Phase 4.4 Final Placement Cleanup
Netlist sorting complete. Time (s): cpu = 00:00:00 ; elapsed = 00:00:00 . Memory (MB): peak = 2967.004 ; gain = 0.000 ; free physical = 141 ; free virtual = 25966

Time (s): cpu = 00:00:02 ; elapsed = 00:00:02 . Memory (MB): peak = 2967.004 ; gain = 1.004 ; free physical = 141 ; free virtual = 25966
Phase 4 Post Placement Optimization and Clean-Up | Checksum: 167f4c30f

Time (s): cpu = 00:00:02 ; elapsed = 00:00:02 . Memory (MB): peak = 2967.004 ; gain = 1.004 ; free physical = 141 ; free virtual = 25966
Ending Placer Task | Checksum: 13e27f4a4

Time (s): cpu = 00:00:02 ; elapsed = 00:00:02 . Memory (MB): peak = 2967.004 ; gain = 1.004 ; free physical = 141 ; free virtual = 25966
58 Infos, 0 Warnings, 0 Critical Warnings and 0 Errors encountered.
place_design completed successfully
INFO: [Vivado 12-24838] Running report commands "report_control_sets, report_io, report_utilization" in parallel.
Running report generation with 2 threads.
INFO: [Vivado 12-24828] Executing command : report_io -file alu_io_placed.rpt
report_io: Time (s): cpu = 00:00:00.36 ; elapsed = 00:00:00.35 . Memory (MB): peak = 2967.004 ; gain = 0.000 ; free physical = 119 ; free virtual = 25945
INFO: [Vivado 12-24828] Executing command : report_utilization -file alu_utilization_placed.rpt -pb alu_utilization_placed.pb
INFO: [Vivado 12-24828] Executing command : report_control_sets -verbose -file alu_control_sets_placed.rpt
report_control_sets: Time (s): cpu = 00:00:00.06 ; elapsed = 00:00:00.17 . Memory (MB): peak = 2967.004 ; gain = 0.000 ; free physical = 119 ; free virtual = 25947
INFO: [Timing 38-480] Writing timing data to binary archive.
Wrote PlaceDB: Time (s): cpu = 00:00:00 ; elapsed = 00:00:00 . Memory (MB): peak = 2967.004 ; gain = 0.000 ; free physical = 119 ; free virtual = 25947
Write ShapeDB Complete: Time (s): cpu = 00:00:00.01 ; elapsed = 00:00:00 . Memory (MB): peak = 2967.004 ; gain = 0.000 ; free physical = 119 ; free virtual = 25947
Wrote PulsedLatchDB: Time (s): cpu = 00:00:00 ; elapsed = 00:00:00 . Memory (MB): peak = 2967.004 ; gain = 0.000 ; free physical = 119 ; free virtual = 25947
Writing XDEF routing.
Writing XDEF routing logical nets.
Writing XDEF routing special nets.
Wrote RouteStorage: Time (s): cpu = 00:00:00.06 ; elapsed = 00:00:00.03 . Memory (MB): peak = 2967.004 ; gain = 0.000 ; free physical = 119 ; free virtual = 25947
Wrote PlaceStorage: Time (s): cpu = 00:00:00 ; elapsed = 00:00:00 . Memory (MB): peak = 2967.004 ; gain = 0.000 ; free physical = 119 ; free virtual = 25947
Wrote Netlist Cache: Time (s): cpu = 00:00:00 ; elapsed = 00:00:00 . Memory (MB): peak = 2967.004 ; gain = 0.000 ; free physical = 119 ; free virtual = 25947
Wrote Device Cache: Time (s): cpu = 00:00:00.01 ; elapsed = 00:00:00.01 . Memory (MB): peak = 2967.004 ; gain = 0.000 ; free physical = 119 ; free virtual = 25948
Write Physdb Complete: Time (s): cpu = 00:00:00.1 ; elapsed = 00:00:00.04 . Memory (MB): peak = 2967.004 ; gain = 0.000 ; free physical = 119 ; free virtual = 25948
INFO: [Common 17-1381] The checkpoint '/home/danyil/rd_fpga_course/lesson_7/project_3/project_3.runs/impl_1/alu_placed.dcp' has been generated.
Command: phys_opt_design
Attempting to get a license for feature 'Vivado_Implementation' and/or device 'xc7a12ti'
INFO: [Common 17-349] Got license for feature 'Vivado_Implementation' and/or device 'xc7a12ti'

Starting Initial Update Timing Task

Time (s): cpu = 00:00:00.02 ; elapsed = 00:00:00.02 . Memory (MB): peak = 2967.004 ; gain = 0.000 ; free physical = 119 ; free virtual = 25948
INFO: [Vivado_Tcl 4-2279] Estimated Timing Summary | WNS= 7.467 | TNS= 0.000 | 
INFO: [Vivado_Tcl 4-383] Design worst setup slack (WNS) is greater than or equal to 0.000 ns. All physical synthesis setup optimizations will be skipped.
INFO: [Vivado_Tcl 4-232] No setup violation found. The netlist was not modified.
INFO: [Common 17-83] Releasing license: Vivado_Implementation
69 Infos, 0 Warnings, 0 Critical Warnings and 0 Errors encountered.
phys_opt_design completed successfully
INFO: [Timing 38-480] Writing timing data to binary archive.
Wrote PlaceDB: Time (s): cpu = 00:00:00 ; elapsed = 00:00:00 . Memory (MB): peak = 2967.004 ; gain = 0.000 ; free physical = 119 ; free virtual = 25948
Wrote PulsedLatchDB: Time (s): cpu = 00:00:00 ; elapsed = 00:00:00 . Memory (MB): peak = 2967.004 ; gain = 0.000 ; free physical = 119 ; free virtual = 25948
Write ShapeDB Complete: Time (s): cpu = 00:00:00.01 ; elapsed = 00:00:00.01 . Memory (MB): peak = 2967.004 ; gain = 0.000 ; free physical = 119 ; free virtual = 25948
Writing XDEF routing.
Writing XDEF routing logical nets.
Writing XDEF routing special nets.
Wrote RouteStorage: Time (s): cpu = 00:00:00.07 ; elapsed = 00:00:00.03 . Memory (MB): peak = 2967.004 ; gain = 0.000 ; free physical = 119 ; free virtual = 25948
Wrote PlaceStorage: Time (s): cpu = 00:00:00 ; elapsed = 00:00:00 . Memory (MB): peak = 2967.004 ; gain = 0.000 ; free physical = 119 ; free virtual = 25948
Wrote Netlist Cache: Time (s): cpu = 00:00:00 ; elapsed = 00:00:00 . Memory (MB): peak = 2967.004 ; gain = 0.000 ; free physical = 119 ; free virtual = 25948
Wrote Device Cache: Time (s): cpu = 00:00:00.02 ; elapsed = 00:00:00.01 . Memory (MB): peak = 2967.004 ; gain = 0.000 ; free physical = 119 ; free virtual = 25948
Write Physdb Complete: Time (s): cpu = 00:00:00.11 ; elapsed = 00:00:00.05 . Memory (MB): peak = 2967.004 ; gain = 0.000 ; free physical = 119 ; free virtual = 25948
INFO: [Common 17-1381] The checkpoint '/home/danyil/rd_fpga_course/lesson_7/project_3/project_3.runs/impl_1/alu_physopt.dcp' has been generated.
Command: route_design
Attempting to get a license for feature 'Vivado_Implementation' and/or device 'xc7a12ti'
INFO: [Common 17-349] Got license for feature 'Vivado_Implementation' and/or device 'xc7a12ti'


Starting Routing Task
INFO: [Route 35-254] Multithreading enabled for route_design using a maximum of 4 CPUs

Phase 1 Build RT Design
Checksum: PlaceDB: 114afc53 ConstDB: 0 ShapeSum: bf12b14b RouteDB: 6dca4706
Post Restoration Checksum: NetGraph: 73532d08 | NumContArr: afdf72ce | Constraints: c2a8fa9d | Timing: c2a8fa9d
Phase 1 Build RT Design | Checksum: 2a8849510

Time (s): cpu = 00:00:22 ; elapsed = 00:00:20 . Memory (MB): peak = 2967.004 ; gain = 0.000 ; free physical = 127 ; free virtual = 25979

Phase 2 Router Initialization

Phase 2.1 Fix Topology Constraints
Phase 2.1 Fix Topology Constraints | Checksum: 2a8849510

Time (s): cpu = 00:00:22 ; elapsed = 00:00:20 . Memory (MB): peak = 2967.004 ; gain = 0.000 ; free physical = 127 ; free virtual = 25980

Phase 2.2 Pre Route Cleanup
Phase 2.2 Pre Route Cleanup | Checksum: 2a8849510

Time (s): cpu = 00:00:22 ; elapsed = 00:00:20 . Memory (MB): peak = 2967.004 ; gain = 0.000 ; free physical = 127 ; free virtual = 25979
 Number of Nodes with overlaps = 0

Phase 2.3 Update Timing
Phase 2.3 Update Timing | Checksum: 1ec52a0a3

Time (s): cpu = 00:00:23 ; elapsed = 00:00:20 . Memory (MB): peak = 2967.004 ; gain = 0.000 ; free physical = 126 ; free virtual = 25979
INFO: [Route 35-416] Intermediate Timing Summary | WNS=7.405  | TNS=0.000  | WHS=-0.078 | THS=-0.248 |


Phase 2.4 Soft Constraint Pins - Fast Budgeting
Phase 2.4 Soft Constraint Pins - Fast Budgeting | Checksum: 1291fd6e4

Time (s): cpu = 00:00:23 ; elapsed = 00:00:20 . Memory (MB): peak = 2967.004 ; gain = 0.000 ; free physical = 126 ; free virtual = 25979

Router Utilization Summary
  Global Vertical Routing Utilization    = 0 %
  Global Horizontal Routing Utilization  = 0 %
  Routable Net Status*
  *Does not include unroutable nets such as driverless and loadless.
  Run report_route_status for detailed report.
  Number of Failed Nets               = 31
    (Failed Nets is the sum of unrouted and partially routed nets)
  Number of Unrouted Nets             = 31
  Number of Partially Routed Nets     = 0
  Number of Node Overlaps             = 0

Phase 2 Router Initialization | Checksum: 1291fd6e4

Time (s): cpu = 00:00:23 ; elapsed = 00:00:20 . Memory (MB): peak = 2967.004 ; gain = 0.000 ; free physical = 126 ; free virtual = 25979

Phase 3 Global Routing
Phase 3 Global Routing | Checksum: 1291fd6e4

Time (s): cpu = 00:00:23 ; elapsed = 00:00:20 . Memory (MB): peak = 2967.004 ; gain = 0.000 ; free physical = 126 ; free virtual = 25980

Phase 4 Initial Routing

Phase 4.1 Initial Net Routing Pass
Phase 4.1 Initial Net Routing Pass | Checksum: 2c82a9dc9

Time (s): cpu = 00:00:23 ; elapsed = 00:00:21 . Memory (MB): peak = 2967.004 ; gain = 0.000 ; free physical = 126 ; free virtual = 25980
Phase 4 Initial Routing | Checksum: 2c82a9dc9

Time (s): cpu = 00:00:23 ; elapsed = 00:00:21 . Memory (MB): peak = 2967.004 ; gain = 0.000 ; free physical = 126 ; free virtual = 25980

Phase 5 Rip-up And Reroute

Phase 5.1 Global Iteration 0
 Number of Nodes with overlaps = 3
 Number of Nodes with overlaps = 0
INFO: [Route 35-416] Intermediate Timing Summary | WNS=6.921  | TNS=0.000  | WHS=N/A    | THS=N/A    |

Phase 5.1 Global Iteration 0 | Checksum: 17b080549

Time (s): cpu = 00:00:23 ; elapsed = 00:00:21 . Memory (MB): peak = 2967.004 ; gain = 0.000 ; free physical = 125 ; free virtual = 25979
Phase 5 Rip-up And Reroute | Checksum: 17b080549

Time (s): cpu = 00:00:23 ; elapsed = 00:00:21 . Memory (MB): peak = 2967.004 ; gain = 0.000 ; free physical = 125 ; free virtual = 25979

Phase 6 Delay and Skew Optimization

Phase 6.1 Delay CleanUp
Phase 6.1 Delay CleanUp | Checksum: 17b080549

Time (s): cpu = 00:00:23 ; elapsed = 00:00:21 . Memory (MB): peak = 2967.004 ; gain = 0.000 ; free physical = 125 ; free virtual = 25979

Phase 6.2 Clock Skew Optimization
Phase 6.2 Clock Skew Optimization | Checksum: 17b080549

Time (s): cpu = 00:00:23 ; elapsed = 00:00:21 . Memory (MB): peak = 2967.004 ; gain = 0.000 ; free physical = 125 ; free virtual = 25979
Phase 6 Delay and Skew Optimization | Checksum: 17b080549

Time (s): cpu = 00:00:23 ; elapsed = 00:00:21 . Memory (MB): peak = 2967.004 ; gain = 0.000 ; free physical = 125 ; free virtual = 25979

Phase 7 Post Hold Fix

Phase 7.1 Hold Fix Iter
INFO: [Route 35-416] Intermediate Timing Summary | WNS=7.014  | TNS=0.000  | WHS=0.201  | THS=0.000  |

Phase 7.1 Hold Fix Iter | Checksum: 1662fc400

Time (s): cpu = 00:00:23 ; elapsed = 00:00:21 . Memory (MB): peak = 2967.004 ; gain = 0.000 ; free physical = 125 ; free virtual = 25979
Phase 7 Post Hold Fix | Checksum: 1662fc400

Time (s): cpu = 00:00:23 ; elapsed = 00:00:21 . Memory (MB): peak = 2967.004 ; gain = 0.000 ; free physical = 125 ; free virtual = 25979

Phase 8 Route finalize

Router Utilization Summary
  Global Vertical Routing Utilization    = 0.0129603 %
  Global Horizontal Routing Utilization  = 0.0154799 %
  Routable Net Status*
  *Does not include unroutable nets such as driverless and loadless.
  Run report_route_status for detailed report.
  Number of Failed Nets               = 0
    (Failed Nets is the sum of unrouted and partially routed nets)
  Number of Unrouted Nets             = 0
  Number of Partially Routed Nets     = 0
  Number of Node Overlaps             = 0

Phase 8 Route finalize | Checksum: 1662fc400

Time (s): cpu = 00:00:23 ; elapsed = 00:00:21 . Memory (MB): peak = 2967.004 ; gain = 0.000 ; free physical = 125 ; free virtual = 25979

Phase 9 Verifying routed nets

 Verification completed successfully
Phase 9 Verifying routed nets | Checksum: 1662fc400

Time (s): cpu = 00:00:23 ; elapsed = 00:00:21 . Memory (MB): peak = 2967.004 ; gain = 0.000 ; free physical = 125 ; free virtual = 25978

Phase 10 Depositing Routes
Phase 10 Depositing Routes | Checksum: 1a2cc74cf

Time (s): cpu = 00:00:23 ; elapsed = 00:00:21 . Memory (MB): peak = 2967.004 ; gain = 0.000 ; free physical = 124 ; free virtual = 25978

Phase 11 Post Process Routing
Phase 11 Post Process Routing | Checksum: 1a2cc74cf

Time (s): cpu = 00:00:23 ; elapsed = 00:00:21 . Memory (MB): peak = 2967.004 ; gain = 0.000 ; free physical = 124 ; free virtual = 25978

Phase 12 Post Router Timing
INFO: [Route 35-57] Estimated Timing Summary | WNS=7.014  | TNS=0.000  | WHS=0.201  | THS=0.000  |

INFO: [Route 35-327] The final timing numbers are based on the router estimated timing analysis. For a complete and accurate timing signoff, please run report_timing_summary.
Phase 12 Post Router Timing | Checksum: 1a2cc74cf

Time (s): cpu = 00:00:23 ; elapsed = 00:00:21 . Memory (MB): peak = 2967.004 ; gain = 0.000 ; free physical = 124 ; free virtual = 25978
Total Elapsed time in route_design: 20.64 secs

Phase 13 Post-Route Event Processing
Phase 13 Post-Route Event Processing | Checksum: 1a03b21b7

Time (s): cpu = 00:00:23 ; elapsed = 00:00:21 . Memory (MB): peak = 2967.004 ; gain = 0.000 ; free physical = 124 ; free virtual = 25978
INFO: [Route 35-16] Router Completed Successfully
Ending Routing Task | Checksum: 1a03b21b7

Time (s): cpu = 00:00:23 ; elapsed = 00:00:21 . Memory (MB): peak = 2967.004 ; gain = 0.000 ; free physical = 124 ; free virtual = 25978

Routing Is Done.
INFO: [Common 17-83] Releasing license: Vivado_Implementation
80 Infos, 0 Warnings, 0 Critical Warnings and 0 Errors encountered.
route_design completed successfully
route_design: Time (s): cpu = 00:00:23 ; elapsed = 00:00:21 . Memory (MB): peak = 2967.004 ; gain = 0.000 ; free physical = 124 ; free virtual = 25978
INFO: [Vivado 12-24828] Executing command : report_drc -file alu_drc_routed.rpt -pb alu_drc_routed.pb -rpx alu_drc_routed.rpx
Command: report_drc -file alu_drc_routed.rpt -pb alu_drc_routed.pb -rpx alu_drc_routed.rpx
INFO: [IP_Flow 19-1839] IP Catalog is up to date.
INFO: [DRC 23-27] Running DRC with 8 threads
INFO: [Vivado_Tcl 2-168] The results of DRC are in file /home/danyil/rd_fpga_course/lesson_7/project_3/project_3.runs/impl_1/alu_drc_routed.rpt.
report_drc completed successfully
INFO: [Vivado 12-24828] Executing command : report_methodology -file alu_methodology_drc_routed.rpt -pb alu_methodology_drc_routed.pb -rpx alu_methodology_drc_routed.rpx
Command: report_methodology -file alu_methodology_drc_routed.rpt -pb alu_methodology_drc_routed.pb -rpx alu_methodology_drc_routed.rpx
INFO: [Timing 38-35] Done setting XDC timing constraints.
INFO: [DRC 23-133] Running Methodology with 8 threads
INFO: [Vivado_Tcl 2-1520] The results of Report Methodology are in file /home/danyil/rd_fpga_course/lesson_7/project_3/project_3.runs/impl_1/alu_methodology_drc_routed.rpt.
report_methodology completed successfully
INFO: [Vivado 12-24828] Executing command : report_timing_summary -max_paths 10 -routable_nets -report_unconstrained -file alu_timing_summary_routed.rpt -pb alu_timing_summary_routed.pb -rpx alu_timing_summary_routed.rpx -warn_on_violation 
INFO: [Timing 38-35] Done setting XDC timing constraints.
INFO: [Timing 38-91] UpdateTimingParams: Speed grade: -1L, Delay Type: min_max.
INFO: [Timing 38-191] Multithreading enabled for timing update using a maximum of 4 CPUs
INFO: [Vivado 12-24838] Running report commands "report_bus_skew, report_incremental_reuse, report_route_status" in parallel.
Running report generation with 2 threads.
INFO: [Vivado 12-24828] Executing command : report_incremental_reuse -file alu_incremental_reuse_routed.rpt
INFO: [Vivado_Tcl 4-1062] Incremental flow is disabled. No incremental reuse Info to report.
INFO: [Vivado 12-24828] Executing command : report_route_status -file alu_route_status.rpt -pb alu_route_status.pb
INFO: [Vivado 12-24828] Executing command : report_bus_skew -warn_on_violation -file alu_bus_skew_routed.rpt -pb alu_bus_skew_routed.pb -rpx alu_bus_skew_routed.rpx
INFO: [Timing 38-91] UpdateTimingParams: Speed grade: -1L, Delay Type: min_max.
INFO: [Timing 38-191] Multithreading enabled for timing update using a maximum of 4 CPUs
INFO: [Vivado 12-24828] Executing command : report_power -file alu_power_routed.rpt -pb alu_power_summary_routed.pb -rpx alu_power_routed.rpx
Command: report_power -file alu_power_routed.rpt -pb alu_power_summary_routed.pb -rpx alu_power_routed.rpx
Running Vector-less Activity Propagation...

Finished Running Vector-less Activity Propagation
100 Infos, 0 Warnings, 0 Critical Warnings and 0 Errors encountered.
report_power completed successfully
INFO: [Vivado 12-24828] Executing command : report_clock_utilization -file alu_clock_utilization_routed.rpt
INFO: [Timing 38-480] Writing timing data to binary archive.
Wrote PlaceDB: Time (s): cpu = 00:00:00 ; elapsed = 00:00:00 . Memory (MB): peak = 2975.008 ; gain = 0.000 ; free physical = 162 ; free virtual = 25971
Write ShapeDB Complete: Time (s): cpu = 00:00:00.01 ; elapsed = 00:00:00 . Memory (MB): peak = 2975.008 ; gain = 0.000 ; free physical = 162 ; free virtual = 25971
Wrote PulsedLatchDB: Time (s): cpu = 00:00:00 ; elapsed = 00:00:00 . Memory (MB): peak = 2975.008 ; gain = 0.000 ; free physical = 162 ; free virtual = 25971
Writing XDEF routing.
Writing XDEF routing logical nets.
Writing XDEF routing special nets.
Wrote RouteStorage: Time (s): cpu = 00:00:00.06 ; elapsed = 00:00:00.03 . Memory (MB): peak = 2975.008 ; gain = 0.000 ; free physical = 162 ; free virtual = 25971
Wrote PlaceStorage: Time (s): cpu = 00:00:00.01 ; elapsed = 00:00:00 . Memory (MB): peak = 2975.008 ; gain = 0.000 ; free physical = 162 ; free virtual = 25971
Wrote Netlist Cache: Time (s): cpu = 00:00:00 ; elapsed = 00:00:00 . Memory (MB): peak = 2975.008 ; gain = 0.000 ; free physical = 162 ; free virtual = 25971
Wrote Device Cache: Time (s): cpu = 00:00:00.01 ; elapsed = 00:00:00.01 . Memory (MB): peak = 2975.008 ; gain = 0.000 ; free physical = 162 ; free virtual = 25972
Write Physdb Complete: Time (s): cpu = 00:00:00.1 ; elapsed = 00:00:00.05 . Memory (MB): peak = 2975.008 ; gain = 0.000 ; free physical = 162 ; free virtual = 25972
INFO: [Common 17-1381] The checkpoint '/home/danyil/rd_fpga_course/lesson_7/project_3/project_3.runs/impl_1/alu_routed.dcp' has been generated.
INFO: [Common 17-206] Exiting Vivado at Thu Sep 10 22:00:45 2026...
