#-----------------------------------------------------------
# Vivado v2026.1 (64-bit)
# SW Build 6511674 on Tue Jun 16 11:01:26 MDT 2026
# IP Build 6504888 on Tue Jun 09 09:05:25 MDT 2026
# SharedData Build 6501428 on Mon Jun 08 17:34:18 MDT 2026
# Start of session at: Thu Sep 10 21:59:20 2026
# Process ID         : 35690
# Current directory  : /home/danyil/rd_fpga_course/lesson_7/project_3/project_3.runs/impl_1
# Command line       : vivado -log alu.vdi -applog -product Vivado -messageDb vivado.pb -mode batch -source alu.tcl -notrace
# Log file           : /home/danyil/rd_fpga_course/lesson_7/project_3/project_3.runs/impl_1/alu.vdi
# Journal file       : /home/danyil/rd_fpga_course/lesson_7/project_3/project_3.runs/impl_1/vivado.jou
# Running On         : danyil-aspirea51541g
# Platform           : Ubuntu
# Operating System   : Ubuntu 26.04.1 LTS
# Processor Detail   : AMD FX-9800P RADEON R7, 12 COMPUTE CORES 4C+8G
# CPU Frequency      : 3159.762 MHz
# CPU Physical cores : 4
# CPU Logical cores  : 4
# Host memory        : 7219 MB
# Swap memory        : 29916 MB
# Total Virtual      : 37135 MB
# Available Virtual  : 28995 MB
#-----------------------------------------------------------
source alu.tcl -notrace
